Archive member included to satisfy reference by file (symbol)

c:/st/stm32cubeide_1.7.0/stm32cubeide/plugins/com.st.stm32cube.ide.mcu.externaltools.gnu-tools-for-stm32.10.3-2021.10.win32_1.0.0.202111181127/tools/bin/../lib/gcc/arm-none-eabi/10.3.1/../../../../arm-none-eabi/lib/thumb/v7e-m+fp/hard\libc_nano.a(lib_a-errno.o)
                              ./Core/Src/syscalls.o (__errno)
c:/st/stm32cubeide_1.7.0/stm32cubeide/plugins/com.st.stm32cube.ide.mcu.externaltools.gnu-tools-for-stm32.10.3-2021.10.win32_1.0.0.202111181127/tools/bin/../lib/gcc/arm-none-eabi/10.3.1/../../../../arm-none-eabi/lib/thumb/v7e-m+fp/hard\libc_nano.a(lib_a-exit.o)
                              c:/st/stm32cubeide_1.7.0/stm32cubeide/plugins/com.st.stm32cube.ide.mcu.externaltools.gnu-tools-for-stm32.10.3-2021.10.win32_1.0.0.202111181127/tools/bin/../lib/gcc/arm-none-eabi/10.3.1/../../../../arm-none-eabi/lib/thumb/v7e-m+fp/hard/crt0.o (exit)
c:/st/stm32cubeide_1.7.0/stm32cubeide/plugins/com.st.stm32cube.ide.mcu.externaltools.gnu-tools-for-stm32.10.3-2021.10.win32_1.0.0.202111181127/tools/bin/../lib/gcc/arm-none-eabi/10.3.1/../../../../arm-none-eabi/lib/thumb/v7e-m+fp/hard\libc_nano.a(lib_a-impure.o)
                              c:/st/stm32cubeide_1.7.0/stm32cubeide/plugins/com.st.stm32cube.ide.mcu.externaltools.gnu-tools-for-stm32.10.3-2021.10.win32_1.0.0.202111181127/tools/bin/../lib/gcc/arm-none-eabi/10.3.1/../../../../arm-none-eabi/lib/thumb/v7e-m+fp/hard\libc_nano.a(lib_a-exit.o) (_global_impure_ptr)
c:/st/stm32cubeide_1.7.0/stm32cubeide/plugins/com.st.stm32cube.ide.mcu.externaltools.gnu-tools-for-stm32.10.3-2021.10.win32_1.0.0.202111181127/tools/bin/../lib/gcc/arm-none-eabi/10.3.1/../../../../arm-none-eabi/lib/thumb/v7e-m+fp/hard\libc_nano.a(lib_a-init.o)
                              c:/st/stm32cubeide_1.7.0/stm32cubeide/plugins/com.st.stm32cube.ide.mcu.externaltools.gnu-tools-for-stm32.10.3-2021.10.win32_1.0.0.202111181127/tools/bin/../lib/gcc/arm-none-eabi/10.3.1/../../../../arm-none-eabi/lib/thumb/v7e-m+fp/hard/crt0.o (__libc_init_array)
c:/st/stm32cubeide_1.7.0/stm32cubeide/plugins/com.st.stm32cube.ide.mcu.externaltools.gnu-tools-for-stm32.10.3-2021.10.win32_1.0.0.202111181127/tools/bin/../lib/gcc/arm-none-eabi/10.3.1/../../../../arm-none-eabi/lib/thumb/v7e-m+fp/hard\libc_nano.a(lib_a-memset.o)
                              c:/st/stm32cubeide_1.7.0/stm32cubeide/plugins/com.st.stm32cube.ide.mcu.externaltools.gnu-tools-for-stm32.10.3-2021.10.win32_1.0.0.202111181127/tools/bin/../lib/gcc/arm-none-eabi/10.3.1/../../../../arm-none-eabi/lib/thumb/v7e-m+fp/hard/crt0.o (memset)

Discarded input sections

 .text          0x0000000000000000        0x0 c:/st/stm32cubeide_1.7.0/stm32cubeide/plugins/com.st.stm32cube.ide.mcu.externaltools.gnu-tools-for-stm32.10.3-2021.10.win32_1.0.0.202111181127/tools/bin/../lib/gcc/arm-none-eabi/10.3.1/thumb/v7e-m+fp/hard/crti.o
 .data          0x0000000000000000        0x0 c:/st/stm32cubeide_1.7.0/stm32cubeide/plugins/com.st.stm32cube.ide.mcu.externaltools.gnu-tools-for-stm32.10.3-2021.10.win32_1.0.0.202111181127/tools/bin/../lib/gcc/arm-none-eabi/10.3.1/thumb/v7e-m+fp/hard/crti.o
 .bss           0x0000000000000000        0x0 c:/st/stm32cubeide_1.7.0/stm32cubeide/plugins/com.st.stm32cube.ide.mcu.externaltools.gnu-tools-for-stm32.10.3-2021.10.win32_1.0.0.202111181127/tools/bin/../lib/gcc/arm-none-eabi/10.3.1/thumb/v7e-m+fp/hard/crti.o
 .data          0x0000000000000000        0x4 c:/st/stm32cubeide_1.7.0/stm32cubeide/plugins/com.st.stm32cube.ide.mcu.externaltools.gnu-tools-for-stm32.10.3-2021.10.win32_1.0.0.202111181127/tools/bin/../lib/gcc/arm-none-eabi/10.3.1/thumb/v7e-m+fp/hard/crtbegin.o
 .rodata        0x0000000000000000       0x24 c:/st/stm32cubeide_1.7.0/stm32cubeide/plugins/com.st.stm32cube.ide.mcu.externaltools.gnu-tools-for-stm32.10.3-2021.10.win32_1.0.0.202111181127/tools/bin/../lib/gcc/arm-none-eabi/10.3.1/thumb/v7e-m+fp/hard/crtbegin.o
 .text          0x0000000000000000       0x7c c:/st/stm32cubeide_1.7.0/stm32cubeide/plugins/com.st.stm32cube.ide.mcu.externaltools.gnu-tools-for-stm32.10.3-2021.10.win32_1.0.0.202111181127/tools/bin/../lib/gcc/arm-none-eabi/10.3.1/../../../../arm-none-eabi/lib/thumb/v7e-m+fp/hard/crt0.o
 .data          0x0000000000000000        0x0 c:/st/stm32cubeide_1.7.0/stm32cubeide/plugins/com.st.stm32cube.ide.mcu.externaltools.gnu-tools-for-stm32.10.3-2021.10.win32_1.0.0.202111181127/tools/bin/../lib/gcc/arm-none-eabi/10.3.1/../../../../arm-none-eabi/lib/thumb/v7e-m+fp/hard/crt0.o
 .bss           0x0000000000000000        0x0 c:/st/stm32cubeide_1.7.0/stm32cubeide/plugins/com.st.stm32cube.ide.mcu.externaltools.gnu-tools-for-stm32.10.3-2021.10.win32_1.0.0.202111181127/tools/bin/../lib/gcc/arm-none-eabi/10.3.1/../../../../arm-none-eabi/lib/thumb/v7e-m+fp/hard/crt0.o
[...]
Memory Configuration

Name             Origin             Length             Attributes
RAM              0x0000000020000000 0x000000000001c000 xrw
FLASH            0x0000000008000000 0x0000000000040000 xr
*default*        0x0000000000000000 0xffffffffffffffff

Linker script and memory map

LOAD c:/st/stm32cubeide_1.7.0/stm32cubeide/plugins/com.st.stm32cube.ide.mcu.externaltools.gnu-tools-for-stm32.10.3-2021.10.win32_1.0.0.202111181127/tools/bin/../lib/gcc/arm-none-eabi/10.3.1/thumb/v7e-m+fp/hard/crti.o
LOAD c:/st/stm32cubeide_1.7.0/stm32cubeide/plugins/com.st.stm32cube.ide.mcu.externaltools.gnu-tools-for-stm32.10.3-2021.10.win32_1.0.0.202111181127/tools/bin/../lib/gcc/arm-none-eabi/10.3.1/thumb/v7e-m+fp/hard/crtbegin.o
LOAD c:/st/stm32cubeide_1.7.0/stm32cubeide/plugins/com.st.stm32cube.ide.mcu.externaltools.gnu-tools-for-stm32.10.3-2021.10.win32_1.0.0.202111181127/tools/bin/../lib/gcc/arm-none-eabi/10.3.1/../../../../arm-none-eabi/lib/thumb/v7e-m+fp/hard/crt0.o
LOAD ./Core/Src/main.o
LOAD ./Core/Src/stm32g4xx_hal_msp.o
LOAD ./Core/Src/stm32g4xx_it.o
LOAD ./Core/Src/syscalls.o
LOAD ./Core/Src/sysmem.o
LOAD ./Core/Src/system_stm32g4xx.o
LOAD ./Core/Startup/startup_stm32g491ccux.o
LOAD ./Drivers/STM32G4xx_HAL_Driver/Src/stm32g4xx_hal.o
LOAD ./Drivers/STM32G4xx_HAL_Driver/Src/stm32g4xx_hal_adc.o
LOAD ./Drivers/STM32G4xx_HAL_Driver/Src/stm32g4xx_hal_adc_ex.o
LOAD ./Drivers/STM32G4xx_HAL_Driver/Src/stm32g4xx_hal_comp.o
LOAD ./Drivers/STM32G4xx_HAL_Driver/Src/stm32g4xx_hal_cortex.o
LOAD ./Drivers/STM32G4xx_HAL_Driver/Src/stm32g4xx_hal_dac.o
LOAD ./Drivers/STM32G4xx_HAL_Driver/Src/stm32g4xx_hal_dac_ex.o
LOAD ./Drivers/STM32G4xx_HAL_Driver/Src/stm32g4xx_hal_dma.o
LOAD ./Drivers/STM32G4xx_HAL_Driver/Src/stm32g4xx_hal_dma_ex.o
LOAD ./Drivers/STM32G4xx_HAL_Driver/Src/stm32g4xx_hal_exti.o
LOAD ./Drivers/STM32G4xx_HAL_Driver/Src/stm32g4xx_hal_flash.o
LOAD ./Drivers/STM32G4xx_HAL_Driver/Src/stm32g4xx_hal_flash_ex.o
LOAD ./Drivers/STM32G4xx_HAL_Driver/Src/stm32g4xx_hal_flash_ramfunc.o
LOAD ./Drivers/STM32G4xx_HAL_Driver/Src/stm32g4xx_hal_gpio.o
LOAD ./Drivers/STM32G4xx_HAL_Driver/Src/stm32g4xx_hal_pwr.o
LOAD ./Drivers/STM32G4xx_HAL_Driver/Src/stm32g4xx_hal_pwr_ex.o
LOAD ./Drivers/STM32G4xx_HAL_Driver/Src/stm32g4xx_hal_rcc.o
LOAD ./Drivers/STM32G4xx_HAL_Driver/Src/stm32g4xx_hal_rcc_ex.o
LOAD ./Drivers/STM32G4xx_HAL_Driver/Src/stm32g4xx_hal_spi.o
LOAD ./Drivers/STM32G4xx_HAL_Driver/Src/stm32g4xx_hal_spi_ex.o
LOAD ./Drivers/STM32G4xx_HAL_Driver/Src/stm32g4xx_hal_tim.o
LOAD ./Drivers/STM32G4xx_HAL_Driver/Src/stm32g4xx_hal_tim_ex.o
LOAD ./Drivers/STM32G4xx_HAL_Driver/Src/stm32g4xx_ll_adc.o
LOAD ./Drivers/STM32G4xx_HAL_Driver/Src/stm32g4xx_ll_exti.o
LOAD ./Drivers/STM32G4xx_HAL_Driver/Src/stm32g4xx_ll_gpio.o
LOAD ./Drivers/STM32G4xx_HAL_Driver/Src/stm32g4xx_ll_opamp.o
LOAD ./Drivers/STM32G4xx_HAL_Driver/Src/stm32g4xx_ll_utils.o
START GROUP
LOAD c:/st/stm32cubeide_1.7.0/stm32cubeide/plugins/com.st.stm32cube.ide.mcu.externaltools.gnu-tools-for-stm32.10.3-2021.10.win32_1.0.0.202111181127/tools/bin/../lib/gcc/arm-none-eabi/10.3.1/../../../../arm-none-eabi/lib/thumb/v7e-m+fp/hard\libc_nano.a
LOAD c:/st/stm32cubeide_1.7.0/stm32cubeide/plugins/com.st.stm32cube.ide.mcu.externaltools.gnu-tools-for-stm32.10.3-2021.10.win32_1.0.0.202111181127/tools/bin/../lib/gcc/arm-none-eabi/10.3.1/../../../../arm-none-eabi/lib/thumb/v7e-m+fp/hard\libm.a
END GROUP
START GROUP
LOAD c:/st/stm32cubeide_1.7.0/stm32cubeide/plugins/com.st.stm32cube.ide.mcu.externaltools.gnu-tools-for-stm32.10.3-2021.10.win32_1.0.0.202111181127/tools/bin/../lib/gcc/arm-none-eabi/10.3.1/thumb/v7e-m+fp/hard\libgcc.a
LOAD c:/st/stm32cubeide_1.7.0/stm32cubeide/plugins/com.st.stm32cube.ide.mcu.externaltools.gnu-tools-for-stm32.10.3-2021.10.win32_1.0.0.202111181127/tools/bin/../lib/gcc/arm-none-eabi/10.3.1/../../../../arm-none-eabi/lib/thumb/v7e-m+fp/hard\libc_nano.a
END GROUP
START GROUP
LOAD c:/st/stm32cubeide_1.7.0/stm32cubeide/plugins/com.st.stm32cube.ide.mcu.externaltools.gnu-tools-for-stm32.10.3-2021.10.win32_1.0.0.202111181127/tools/bin/../lib/gcc/arm-none-eabi/10.3.1/thumb/v7e-m+fp/hard\libgcc.a
LOAD c:/st/stm32cubeide_1.7.0/stm32cubeide/plugins/com.st.stm32cube.ide.mcu.externaltools.gnu-tools-for-stm32.10.3-2021.10.win32_1.0.0.202111181127/tools/bin/../lib/gcc/arm-none-eabi/10.3.1/../../../../arm-none-eabi/lib/thumb/v7e-m+fp/hard\libc_nano.a
LOAD c:/st/stm32cubeide_1.7.0/stm32cubeide/plugins/com.st.stm32cube.ide.mcu.externaltools.gnu-tools-for-stm32.10.3-2021.10.win32_1.0.0.202111181127/tools/bin/../lib/gcc/arm-none-eabi/10.3.1/../../../../arm-none-eabi/lib/thumb/v7e-m+fp/hard\libnosys.a
END GROUP
START GROUP
LOAD c:/st/stm32cubeide_1.7.0/stm32cubeide/plugins/com.st.stm32cube.ide.mcu.externaltools.gnu-tools-for-stm32.10.3-2021.10.win32_1.0.0.202111181127/tools/bin/../lib/gcc/arm-none-eabi/10.3.1/thumb/v7e-m+fp/hard\libgcc.a
LOAD c:/st/stm32cubeide_1.7.0/stm32cubeide/plugins/com.st.stm32cube.ide.mcu.externaltools.gnu-tools-for-stm32.10.3-2021.10.win32_1.0.0.202111181127/tools/bin/../lib/gcc/arm-none-eabi/10.3.1/../../../../arm-none-eabi/lib/thumb/v7e-m+fp/hard\libc_nano.a
LOAD c:/st/stm32cubeide_1.7.0/stm32cubeide/plugins/com.st.stm32cube.ide.mcu.externaltools.gnu-tools-for-stm32.10.3-2021.10.win32_1.0.0.202111181127/tools/bin/../lib/gcc/arm-none-eabi/10.3.1/../../../../arm-none-eabi/lib/thumb/v7e-m+fp/hard\libnosys.a
END GROUP
LOAD c:/st/stm32cubeide_1.7.0/stm32cubeide/plugins/com.st.stm32cube.ide.mcu.externaltools.gnu-tools-for-stm32.10.3-2021.10.win32_1.0.0.202111181127/tools/bin/../lib/gcc/arm-none-eabi/10.3.1/thumb/v7e-m+fp/hard/crtend.o
LOAD c:/st/stm32cubeide_1.7.0/stm32cubeide/plugins/com.st.stm32cube.ide.mcu.externaltools.gnu-tools-for-stm32.10.3-2021.10.win32_1.0.0.202111181127/tools/bin/../lib/gcc/arm-none-eabi/10.3.1/thumb/v7e-m+fp/hard/crtn.o
                0x000000002001c000                _estack = (ORIGIN (RAM) + LENGTH (RAM))
                0x0000000000000200                _Min_Heap_Size = 0x200
                0x0000000000000400                _Min_Stack_Size = 0x400

.isr_vector     0x0000000008000000      0x1d8
                0x0000000008000000                . = ALIGN (0x4)
 *(.isr_vector)
 .isr_vector    0x0000000008000000      0x1d8 ./Core/Startup/startup_stm32g491ccux.o
                0x0000000008000000                g_pfnVectors
                0x00000000080001d8                . = ALIGN (0x4)

.text           0x00000000080001d8     0x79cc
                0x00000000080001d8                . = ALIGN (0x4)
 *(.text)
 .text          0x00000000080001d8       0x40 c:/st/stm32cubeide_1.7.0/stm32cubeide/plugins/com.st.stm32cube.ide.mcu.externaltools.gnu-tools-for-stm32.10.3-2021.10.win32_1.0.0.202111181127/tools/bin/../lib/gcc/arm-none-eabi/10.3.1/thumb/v7e-m+fp/hard/crtbegin.o
 *(.text*)
 .text.LL_OPAMP_SetPGAGain
                0x0000000008000218       0x26 ./Core/Src/main.o
 .text.LL_OPAMP_SetInputsMuxMode
                0x000000000800023e       0x26 ./Core/Src/main.o
 .text.LL_OPAMP_SetInternalOutput
                0x0000000008000264       0x26 ./Core/Src/main.o
 .text.LL_OPAMP_SetTrimmingMode
                0x000000000800028a       0x26 ./Core/Src/main.o
 .text.LL_AHB2_GRP1_EnableClock
                0x00000000080002b0       0x30 ./Core/Src/main.o
 .text.main     0x00000000080002e0      0x314 ./Core/Src/main.o
                0x00000000080002e0                main
 .text.SystemClock_Config
                0x00000000080005f4       0x96 ./Core/Src/main.o
                0x00000000080005f4                SystemClock_Config
 *fill*         0x000000000800068a        0x2 
 .text.MX_ADC1_Init
                0x000000000800068c      0x19c ./Core/Src/main.o
 .text.MX_ADC2_Init
                0x0000000008000828      0x198 ./Core/Src/main.o
 .text.MX_ADC3_Init
                0x00000000080009c0       0xcc ./Core/Src/main.o
 .text.MX_COMP1_Init
                0x0000000008000a8c       0x50 ./Core/Src/main.o
 .text.MX_COMP4_Init
                0x0000000008000adc       0x4c ./Core/Src/main.o
 .text.MX_DAC1_Init
                0x0000000008000b28       0x90 ./Core/Src/main.o
 .text.MX_DAC3_Init
                0x0000000008000bb8       0x88 ./Core/Src/main.o
 .text.MX_OPAMP2_Init
                0x0000000008000c40       0xac ./Core/Src/main.o
 .text.MX_SPI3_Init
                0x0000000008000cec       0x7c ./Core/Src/main.o
 .text.MX_TIM1_Init
                0x0000000008000d68      0x1c8 ./Core/Src/main.o
 .text.MX_DMA_Init
                0x0000000008000f30       0x54 ./Core/Src/main.o
 .text.MX_GPIO_Init
                0x0000000008000f84       0xec ./Core/Src/main.o
 .text.HAL_TIMEx_BreakCallback
                0x0000000008001070       0x20 ./Core/Src/main.o
                0x0000000008001070                HAL_TIMEx_BreakCallback
 .text.GetLSB   0x0000000008001090       0x18 ./Core/Src/main.o
                0x0000000008001090                GetLSB
 .text.GetMSB   0x00000000080010a8       0x1a ./Core/Src/main.o
                0x00000000080010a8                GetMSB
 .text.SPIx_Transfer2
                0x00000000080010c2       0x64 ./Core/Src/main.o
                0x00000000080010c2                SPIx_Transfer2
 *fill*         0x0000000008001126        0x2 
 .text.CORRECT_OPAMP6_Init
                0x0000000008001128       0x9c ./Core/Src/main.o
 .text.delay_cycles
                0x00000000080011c4       0x2c ./Core/Src/main.o
                0x00000000080011c4                delay_cycles
 .text.Error_Handler
                0x00000000080011f0        0xa ./Core/Src/main.o
                0x00000000080011f0                Error_Handler
 *fill*         0x00000000080011fa        0x2 
 .text.HAL_MspInit
                0x00000000080011fc       0x48 ./Core/Src/stm32g4xx_hal_msp.o
                0x00000000080011fc                HAL_MspInit
 .text.HAL_ADC_MspInit
                0x0000000008001244      0x320 ./Core/Src/stm32g4xx_hal_msp.o
                0x0000000008001244                HAL_ADC_MspInit
 .text.HAL_COMP_MspInit
                0x0000000008001564       0xa8 ./Core/Src/stm32g4xx_hal_msp.o
                0x0000000008001564                HAL_COMP_MspInit
 .text.HAL_DAC_MspInit
                0x000000000800160c       0xa4 ./Core/Src/stm32g4xx_hal_msp.o
                0x000000000800160c                HAL_DAC_MspInit
 .text.HAL_SPI_MspInit
                0x00000000080016b0       0xc4 ./Core/Src/stm32g4xx_hal_msp.o
                0x00000000080016b0                HAL_SPI_MspInit
 .text.HAL_TIM_Base_MspInit
                0x0000000008001774       0x4c ./Core/Src/stm32g4xx_hal_msp.o
                0x0000000008001774                HAL_TIM_Base_MspInit
 .text.HAL_TIM_MspPostInit
                0x00000000080017c0       0x70 ./Core/Src/stm32g4xx_hal_msp.o
                0x00000000080017c0                HAL_TIM_MspPostInit
 .text.NMI_Handler
                0x0000000008001830        0x6 ./Core/Src/stm32g4xx_it.o
                0x0000000008001830                NMI_Handler
 .text.HardFault_Handler
                0x0000000008001836        0x6 ./Core/Src/stm32g4xx_it.o
                0x0000000008001836                HardFault_Handler
 .text.MemManage_Handler
                0x000000000800183c        0x6 ./Core/Src/stm32g4xx_it.o
                0x000000000800183c                MemManage_Handler
 .text.BusFault_Handler
                0x0000000008001842        0x6 ./Core/Src/stm32g4xx_it.o
                0x0000000008001842                BusFault_Handler
 .text.UsageFault_Handler
                0x0000000008001848        0x6 ./Core/Src/stm32g4xx_it.o
                0x0000000008001848                UsageFault_Handler
 .text.SVC_Handler
                0x000000000800184e        0xe ./Core/Src/stm32g4xx_it.o
                0x000000000800184e                SVC_Handler
 .text.DebugMon_Handler
                0x000000000800185c        0xe ./Core/Src/stm32g4xx_it.o
                0x000000000800185c                DebugMon_Handler
 .text.PendSV_Handler
                0x000000000800186a        0xe ./Core/Src/stm32g4xx_it.o
                0x000000000800186a                PendSV_Handler
 .text.SysTick_Handler
                0x0000000008001878        0xc ./Core/Src/stm32g4xx_it.o
                0x0000000008001878                SysTick_Handler
 .text.DMA1_Channel1_IRQHandler
                0x0000000008001884       0x40 ./Core/Src/stm32g4xx_it.o
                0x0000000008001884                DMA1_Channel1_IRQHandler
 .text.TIM1_BRK_TIM15_IRQHandler
                0x00000000080018c4       0x14 ./Core/Src/stm32g4xx_it.o
                0x00000000080018c4                TIM1_BRK_TIM15_IRQHandler
 .text.SystemInit
                0x00000000080018d8       0x24 ./Core/Src/system_stm32g4xx.o
                0x00000000080018d8                SystemInit
 .text.Reset_Handler
                0x00000000080018fc       0x50 ./Core/Startup/startup_stm32g491ccux.o
                0x00000000080018fc                Reset_Handler
 .text.Default_Handler
                0x000000000800194c        0x2 ./Core/Startup/startup_stm32g491ccux.o
                0x000000000800194c                RTC_Alarm_IRQHandler
                0x000000000800194c                EXTI2_IRQHandler
                0x000000000800194c                TIM8_TRG_COM_IRQHandler
                0x000000000800194c                TIM8_CC_IRQHandler
                0x000000000800194c                TIM1_CC_IRQHandler
                0x000000000800194c                USB_HP_IRQHandler
                0x000000000800194c                CORDIC_IRQHandler
                0x000000000800194c                DMA2_Channel8_IRQHandler
                0x000000000800194c                EXTI3_IRQHandler
                0x000000000800194c                I2C3_ER_IRQHandler
                0x000000000800194c                EXTI0_IRQHandler
                0x000000000800194c                I2C2_EV_IRQHandler
                0x000000000800194c                FPU_IRQHandler
                0x000000000800194c                FDCAN1_IT1_IRQHandler
                0x000000000800194c                TIM1_UP_TIM16_IRQHandler
                0x000000000800194c                ADC1_2_IRQHandler
                0x000000000800194c                SPI1_IRQHandler
                0x000000000800194c                TIM6_DAC_IRQHandler
                0x000000000800194c                TIM8_UP_IRQHandler
                0x000000000800194c                DMA2_Channel2_IRQHandler
                0x000000000800194c                DMA1_Channel4_IRQHandler
                0x000000000800194c                TIM20_TRG_COM_IRQHandler
                0x000000000800194c                USART3_IRQHandler
                0x000000000800194c                DMA1_Channel7_IRQHandler
                0x000000000800194c                UART5_IRQHandler
                0x000000000800194c                ADC3_IRQHandler
                0x000000000800194c                TIM4_IRQHandler
                0x000000000800194c                DMA2_Channel1_IRQHandler
                0x000000000800194c                QUADSPI_IRQHandler
                0x000000000800194c                I2C1_EV_IRQHandler
                0x000000000800194c                DMA1_Channel6_IRQHandler
                0x000000000800194c                UART4_IRQHandler
                0x000000000800194c                DMA2_Channel4_IRQHandler
                0x000000000800194c                TIM3_IRQHandler
                0x000000000800194c                RCC_IRQHandler
                0x000000000800194c                TIM20_UP_IRQHandler
                0x000000000800194c                Default_Handler
                0x000000000800194c                DMA2_Channel7_IRQHandler
                0x000000000800194c                RTC_TAMP_LSECSS_IRQHandler
                0x000000000800194c                FMAC_IRQHandler
                0x000000000800194c                EXTI15_10_IRQHandler
                0x000000000800194c                DMA1_Channel8_IRQHandler
                0x000000000800194c                TIM7_IRQHandler
                0x000000000800194c                UCPD1_IRQHandler
                0x000000000800194c                I2C3_EV_IRQHandler
                0x000000000800194c                EXTI9_5_IRQHandler
                0x000000000800194c                RTC_WKUP_IRQHandler
                0x000000000800194c                PVD_PVM_IRQHandler
                0x000000000800194c                SPI2_IRQHandler
                0x000000000800194c                DMA2_Channel5_IRQHandler
                0x000000000800194c                CRS_IRQHandler
                0x000000000800194c                DMA1_Channel5_IRQHandler
                0x000000000800194c                USB_LP_IRQHandler
                0x000000000800194c                EXTI4_IRQHandler
                0x000000000800194c                RNG_IRQHandler
                0x000000000800194c                TIM1_TRG_COM_TIM17_IRQHandler
                0x000000000800194c                FDCAN2_IT1_IRQHandler
                0x000000000800194c                DMA1_Channel3_IRQHandler
                0x000000000800194c                WWDG_IRQHandler
                0x000000000800194c                FDCAN2_IT0_IRQHandler
                0x000000000800194c                LPUART1_IRQHandler
                0x000000000800194c                DMA2_Channel6_IRQHandler
                0x000000000800194c                FDCAN1_IT0_IRQHandler
                0x000000000800194c                TIM2_IRQHandler
                0x000000000800194c                COMP1_2_3_IRQHandler
                0x000000000800194c                EXTI1_IRQHandler
                0x000000000800194c                USART2_IRQHandler
                0x000000000800194c                TIM20_BRK_IRQHandler
                0x000000000800194c                I2C2_ER_IRQHandler
                0x000000000800194c                DMA1_Channel2_IRQHandler
                0x000000000800194c                TIM8_BRK_IRQHandler
                0x000000000800194c                FLASH_IRQHandler
                0x000000000800194c                TIM20_CC_IRQHandler
                0x000000000800194c                USART1_IRQHandler
                0x000000000800194c                SPI3_IRQHandler
                0x000000000800194c                I2C1_ER_IRQHandler
                0x000000000800194c                LPTIM1_IRQHandler
                0x000000000800194c                DMAMUX_OVR_IRQHandler
                0x000000000800194c                USBWakeUp_IRQHandler
                0x000000000800194c                SAI1_IRQHandler
                0x000000000800194c                DMA2_Channel3_IRQHandler
                0x000000000800194c                COMP4_IRQHandler
 .text.HAL_Init
                0x000000000800194e       0x30 ./Drivers/STM32G4xx_HAL_Driver/Src/stm32g4xx_hal.o
                0x000000000800194e                HAL_Init
 *fill*         0x000000000800197e        0x2 
 .text.HAL_InitTick
                0x0000000008001980       0x74 ./Drivers/STM32G4xx_HAL_Driver/Src/stm32g4xx_hal.o
                0x0000000008001980                HAL_InitTick
 .text.HAL_IncTick
                0x00000000080019f4       0x24 ./Drivers/STM32G4xx_HAL_Driver/Src/stm32g4xx_hal.o
                0x00000000080019f4                HAL_IncTick
 .text.HAL_GetTick
                0x0000000008001a18       0x18 ./Drivers/STM32G4xx_HAL_Driver/Src/stm32g4xx_hal.o
                0x0000000008001a18                HAL_GetTick
 .text.HAL_Delay
                0x0000000008001a30       0x44 ./Drivers/STM32G4xx_HAL_Driver/Src/stm32g4xx_hal.o
                0x0000000008001a30                HAL_Delay
 .text.LL_ADC_SetCommonClock
                0x0000000008001a74       0x26 ./Drivers/STM32G4xx_HAL_Driver/Src/stm32g4xx_hal_adc.o
 .text.LL_ADC_SetCommonPathInternalCh
                0x0000000008001a9a       0x26 ./Drivers/STM32G4xx_HAL_Driver/Src/stm32g4xx_hal_adc.o
 .text.LL_ADC_GetCommonPathInternalCh
                0x0000000008001ac0       0x1c ./Drivers/STM32G4xx_HAL_Driver/Src/stm32g4xx_hal_adc.o
 .text.LL_ADC_SetOffset
                0x0000000008001adc       0x48 ./Drivers/STM32G4xx_HAL_Driver/Src/stm32g4xx_hal_adc.o
 .text.LL_ADC_GetOffsetChannel
                0x0000000008001b24       0x2c ./Drivers/STM32G4xx_HAL_Driver/Src/stm32g4xx_hal_adc.o
 .text.LL_ADC_SetOffsetState
                0x0000000008001b50       0x36 ./Drivers/STM32G4xx_HAL_Driver/Src/stm32g4xx_hal_adc.o
 .text.LL_ADC_SetOffsetSign
                0x0000000008001b86       0x36 ./Drivers/STM32G4xx_HAL_Driver/Src/stm32g4xx_hal_adc.o
 .text.LL_ADC_SetOffsetSaturation
                0x0000000008001bbc       0x36 ./Drivers/STM32G4xx_HAL_Driver/Src/stm32g4xx_hal_adc.o
 .text.LL_ADC_SetSamplingTimeCommonConfig
                0x0000000008001bf2       0x26 ./Drivers/STM32G4xx_HAL_Driver/Src/stm32g4xx_hal_adc.o
 .text.LL_ADC_REG_IsTriggerSourceSWStart
                0x0000000008001c18       0x26 ./Drivers/STM32G4xx_HAL_Driver/Src/stm32g4xx_hal_adc.o
 .text.LL_ADC_REG_SetSequencerRanks
                0x0000000008001c3e       0x58 ./Drivers/STM32G4xx_HAL_Driver/Src/stm32g4xx_hal_adc.o
 .text.LL_ADC_SetChannelSamplingTime
                0x0000000008001c96       0x56 ./Drivers/STM32G4xx_HAL_Driver/Src/stm32g4xx_hal_adc.o
 .text.LL_ADC_SetChannelSingleDiff
                0x0000000008001cec       0x50 ./Drivers/STM32G4xx_HAL_Driver/Src/stm32g4xx_hal_adc.o
 .text.LL_ADC_DisableDeepPowerDown
                0x0000000008001d3c       0x24 ./Drivers/STM32G4xx_HAL_Driver/Src/stm32g4xx_hal_adc.o
 .text.LL_ADC_IsDeepPowerDownEnabled
                0x0000000008001d60       0x28 ./Drivers/STM32G4xx_HAL_Driver/Src/stm32g4xx_hal_adc.o
 .text.LL_ADC_EnableInternalRegulator
                0x0000000008001d88       0x28 ./Drivers/STM32G4xx_HAL_Driver/Src/stm32g4xx_hal_adc.o
 .text.LL_ADC_IsInternalRegulatorEnabled
                0x0000000008001db0       0x28 ./Drivers/STM32G4xx_HAL_Driver/Src/stm32g4xx_hal_adc.o
 .text.LL_ADC_Enable
                0x0000000008001dd8       0x28 ./Drivers/STM32G4xx_HAL_Driver/Src/stm32g4xx_hal_adc.o
 .text.LL_ADC_Disable
                0x0000000008001e00       0x28 ./Drivers/STM32G4xx_HAL_Driver/Src/stm32g4xx_hal_adc.o
 .text.LL_ADC_IsEnabled
                0x0000000008001e28       0x26 ./Drivers/STM32G4xx_HAL_Driver/Src/stm32g4xx_hal_adc.o
 .text.LL_ADC_IsDisableOngoing
                0x0000000008001e4e       0x26 ./Drivers/STM32G4xx_HAL_Driver/Src/stm32g4xx_hal_adc.o
 .text.LL_ADC_REG_IsConversionOngoing
                0x0000000008001e74       0x26 ./Drivers/STM32G4xx_HAL_Driver/Src/stm32g4xx_hal_adc.o
 .text.LL_ADC_INJ_IsConversionOngoing
                0x0000000008001e9a       0x26 ./Drivers/STM32G4xx_HAL_Driver/Src/stm32g4xx_hal_adc.o
 .text.HAL_ADC_Init
                0x0000000008001ec0      0x368 ./Drivers/STM32G4xx_HAL_Driver/Src/stm32g4xx_hal_adc.o
                0x0000000008001ec0                HAL_ADC_Init
 .text.HAL_ADC_ConvCpltCallback
                0x0000000008002228       0x14 ./Drivers/STM32G4xx_HAL_Driver/Src/stm32g4xx_hal_adc.o
                0x0000000008002228                HAL_ADC_ConvCpltCallback
 .text.HAL_ADC_ConvHalfCpltCallback
                0x000000000800223c       0x14 ./Drivers/STM32G4xx_HAL_Driver/Src/stm32g4xx_hal_adc.o
                0x000000000800223c                HAL_ADC_ConvHalfCpltCallback
 .text.HAL_ADC_ErrorCallback
                0x0000000008002250       0x14 ./Drivers/STM32G4xx_HAL_Driver/Src/stm32g4xx_hal_adc.o
                0x0000000008002250                HAL_ADC_ErrorCallback
 .text.HAL_ADC_ConfigChannel
                0x0000000008002264      0x858 ./Drivers/STM32G4xx_HAL_Driver/Src/stm32g4xx_hal_adc.o
                0x0000000008002264                HAL_ADC_ConfigChannel
 .text.ADC_Enable
                0x0000000008002abc       0xc4 ./Drivers/STM32G4xx_HAL_Driver/Src/stm32g4xx_hal_adc.o
                0x0000000008002abc                ADC_Enable
 .text.ADC_Disable
                0x0000000008002b80       0xbe ./Drivers/STM32G4xx_HAL_Driver/Src/stm32g4xx_hal_adc.o
                0x0000000008002b80                ADC_Disable
 .text.ADC_DMAConvCplt
                0x0000000008002c3e       0xd8 ./Drivers/STM32G4xx_HAL_Driver/Src/stm32g4xx_hal_adc.o
                0x0000000008002c3e                ADC_DMAConvCplt
 .text.ADC_DMAHalfConvCplt
                0x0000000008002d16       0x1c ./Drivers/STM32G4xx_HAL_Driver/Src/stm32g4xx_hal_adc.o
                0x0000000008002d16                ADC_DMAHalfConvCplt
 .text.ADC_DMAError
                0x0000000008002d32       0x34 ./Drivers/STM32G4xx_HAL_Driver/Src/stm32g4xx_hal_adc.o
                0x0000000008002d32                ADC_DMAError
 .text.LL_ADC_SetCommonPathInternalCh
                0x0000000008002d66       0x26 ./Drivers/STM32G4xx_HAL_Driver/Src/stm32g4xx_hal_adc_ex.o
 .text.LL_ADC_GetCommonPathInternalCh
                0x0000000008002d8c       0x1c ./Drivers/STM32G4xx_HAL_Driver/Src/stm32g4xx_hal_adc_ex.o
 .text.LL_ADC_SetOffset
                0x0000000008002da8       0x48 ./Drivers/STM32G4xx_HAL_Driver/Src/stm32g4xx_hal_adc_ex.o
 .text.LL_ADC_GetOffsetChannel
                0x0000000008002df0       0x2c ./Drivers/STM32G4xx_HAL_Driver/Src/stm32g4xx_hal_adc_ex.o
 .text.LL_ADC_SetOffsetState
                0x0000000008002e1c       0x36 ./Drivers/STM32G4xx_HAL_Driver/Src/stm32g4xx_hal_adc_ex.o
 .text.LL_ADC_SetOffsetSign
                0x0000000008002e52       0x36 ./Drivers/STM32G4xx_HAL_Driver/Src/stm32g4xx_hal_adc_ex.o
 .text.LL_ADC_SetOffsetSaturation
                0x0000000008002e88       0x36 ./Drivers/STM32G4xx_HAL_Driver/Src/stm32g4xx_hal_adc_ex.o
 .text.LL_ADC_SetSamplingTimeCommonConfig
                0x0000000008002ebe       0x26 ./Drivers/STM32G4xx_HAL_Driver/Src/stm32g4xx_hal_adc_ex.o
 .text.LL_ADC_SetChannelSamplingTime
                0x0000000008002ee4       0x56 ./Drivers/STM32G4xx_HAL_Driver/Src/stm32g4xx_hal_adc_ex.o
 *fill*         0x0000000008002f3a        0x2 
 .text.LL_ADC_SetChannelSingleDiff
                0x0000000008002f3c       0x50 ./Drivers/STM32G4xx_HAL_Driver/Src/stm32g4xx_hal_adc_ex.o
 .text.LL_ADC_IsEnabled
                0x0000000008002f8c       0x26 ./Drivers/STM32G4xx_HAL_Driver/Src/stm32g4xx_hal_adc_ex.o
 .text.LL_ADC_StartCalibration
                0x0000000008002fb2       0x32 ./Drivers/STM32G4xx_HAL_Driver/Src/stm32g4xx_hal_adc_ex.o
 .text.LL_ADC_IsCalibrationOnGoing
                0x0000000008002fe4       0x28 ./Drivers/STM32G4xx_HAL_Driver/Src/stm32g4xx_hal_adc_ex.o
 .text.LL_ADC_REG_StartConversion
                0x000000000800300c       0x28 ./Drivers/STM32G4xx_HAL_Driver/Src/stm32g4xx_hal_adc_ex.o
 .text.LL_ADC_REG_IsConversionOngoing
                0x0000000008003034       0x26 ./Drivers/STM32G4xx_HAL_Driver/Src/stm32g4xx_hal_adc_ex.o
 .text.LL_ADC_INJ_IsConversionOngoing
                0x000000000800305a       0x26 ./Drivers/STM32G4xx_HAL_Driver/Src/stm32g4xx_hal_adc_ex.o
 .text.HAL_ADCEx_Calibration_Start
                0x0000000008003080       0xc4 ./Drivers/STM32G4xx_HAL_Driver/Src/stm32g4xx_hal_adc_ex.o
                0x0000000008003080                HAL_ADCEx_Calibration_Start
 .text.HAL_ADCEx_MultiModeStart_DMA
                0x0000000008003144      0x160 ./Drivers/STM32G4xx_HAL_Driver/Src/stm32g4xx_hal_adc_ex.o
                0x0000000008003144                HAL_ADCEx_MultiModeStart_DMA
 .text.HAL_ADCEx_InjectedConfigChannel
                0x00000000080032a4      0xa34 ./Drivers/STM32G4xx_HAL_Driver/Src/stm32g4xx_hal_adc_ex.o
                0x00000000080032a4                HAL_ADCEx_InjectedConfigChannel
 .text.HAL_ADCEx_MultiModeConfigChannel
                0x0000000008003cd8      0x1d0 ./Drivers/STM32G4xx_HAL_Driver/Src/stm32g4xx_hal_adc_ex.o
                0x0000000008003cd8                HAL_ADCEx_MultiModeConfigChannel
 .text.LL_EXTI_EnableIT_0_31
                0x0000000008003ea8       0x24 ./Drivers/STM32G4xx_HAL_Driver/Src/stm32g4xx_hal_comp.o
 .text.LL_EXTI_DisableIT_0_31
                0x0000000008003ecc       0x28 ./Drivers/STM32G4xx_HAL_Driver/Src/stm32g4xx_hal_comp.o
 .text.LL_EXTI_EnableEvent_0_31
                0x0000000008003ef4       0x24 ./Drivers/STM32G4xx_HAL_Driver/Src/stm32g4xx_hal_comp.o
 .text.LL_EXTI_DisableEvent_0_31
                0x0000000008003f18       0x28 ./Drivers/STM32G4xx_HAL_Driver/Src/stm32g4xx_hal_comp.o
 .text.LL_EXTI_EnableRisingTrig_0_31
                0x0000000008003f40       0x24 ./Drivers/STM32G4xx_HAL_Driver/Src/stm32g4xx_hal_comp.o
 .text.LL_EXTI_DisableRisingTrig_0_31
                0x0000000008003f64       0x28 ./Drivers/STM32G4xx_HAL_Driver/Src/stm32g4xx_hal_comp.o
 .text.LL_EXTI_EnableFallingTrig_0_31
                0x0000000008003f8c       0x24 ./Drivers/STM32G4xx_HAL_Driver/Src/stm32g4xx_hal_comp.o
 .text.LL_EXTI_DisableFallingTrig_0_31
                0x0000000008003fb0       0x28 ./Drivers/STM32G4xx_HAL_Driver/Src/stm32g4xx_hal_comp.o
 .text.LL_EXTI_ClearFlag_0_31
                0x0000000008003fd8       0x20 ./Drivers/STM32G4xx_HAL_Driver/Src/stm32g4xx_hal_comp.o
 .text.HAL_COMP_Init
                0x0000000008003ff8      0x1b8 ./Drivers/STM32G4xx_HAL_Driver/Src/stm32g4xx_hal_comp.o
                0x0000000008003ff8                HAL_COMP_Init
 .text.HAL_COMP_Start
                0x00000000080041b0       0x90 ./Drivers/STM32G4xx_HAL_Driver/Src/stm32g4xx_hal_comp.o
                0x00000000080041b0                HAL_COMP_Start
 .text.__NVIC_SetPriorityGrouping
                0x0000000008004240       0x48 ./Drivers/STM32G4xx_HAL_Driver/Src/stm32g4xx_hal_cortex.o
 .text.__NVIC_GetPriorityGrouping
                0x0000000008004288       0x1c ./Drivers/STM32G4xx_HAL_Driver/Src/stm32g4xx_hal_cortex.o
 .text.__NVIC_EnableIRQ
                0x00000000080042a4       0x3c ./Drivers/STM32G4xx_HAL_Driver/Src/stm32g4xx_hal_cortex.o
 .text.__NVIC_SetPriority
                0x00000000080042e0       0x54 ./Drivers/STM32G4xx_HAL_Driver/Src/stm32g4xx_hal_cortex.o
 .text.NVIC_EncodePriority
                0x0000000008004334       0x66 ./Drivers/STM32G4xx_HAL_Driver/Src/stm32g4xx_hal_cortex.o
 *fill*         0x000000000800439a        0x2 
 .text.SysTick_Config
                0x000000000800439c       0x44 ./Drivers/STM32G4xx_HAL_Driver/Src/stm32g4xx_hal_cortex.o
 .text.HAL_NVIC_SetPriorityGrouping
                0x00000000080043e0       0x16 ./Drivers/STM32G4xx_HAL_Driver/Src/stm32g4xx_hal_cortex.o
                0x00000000080043e0                HAL_NVIC_SetPriorityGrouping
 .text.HAL_NVIC_SetPriority
                0x00000000080043f6       0x34 ./Drivers/STM32G4xx_HAL_Driver/Src/stm32g4xx_hal_cortex.o
                0x00000000080043f6                HAL_NVIC_SetPriority
 .text.HAL_NVIC_EnableIRQ
                0x000000000800442a       0x1c ./Drivers/STM32G4xx_HAL_Driver/Src/stm32g4xx_hal_cortex.o
                0x000000000800442a                HAL_NVIC_EnableIRQ
 .text.HAL_SYSTICK_Config
                0x0000000008004446       0x18 ./Drivers/STM32G4xx_HAL_Driver/Src/stm32g4xx_hal_cortex.o
                0x0000000008004446                HAL_SYSTICK_Config
 .text.HAL_DAC_Init
                0x000000000800445e       0x44 ./Drivers/STM32G4xx_HAL_Driver/Src/stm32g4xx_hal_dac.o
                0x000000000800445e                HAL_DAC_Init
 *fill*         0x00000000080044a2        0x2 
 .text.HAL_DAC_ConfigChannel
                0x00000000080044a4      0x350 ./Drivers/STM32G4xx_HAL_Driver/Src/stm32g4xx_hal_dac.o
                0x00000000080044a4                HAL_DAC_ConfigChannel
 .text.HAL_DMA_Init
                0x00000000080047f4      0x150 ./Drivers/STM32G4xx_HAL_Driver/Src/stm32g4xx_hal_dma.o
                0x00000000080047f4                HAL_DMA_Init
 .text.HAL_DMA_Start_IT
                0x0000000008004944       0xf6 ./Drivers/STM32G4xx_HAL_Driver/Src/stm32g4xx_hal_dma.o
                0x0000000008004944                HAL_DMA_Start_IT
 .text.DMA_SetConfig
                0x0000000008004a3a       0x7c ./Drivers/STM32G4xx_HAL_Driver/Src/stm32g4xx_hal_dma.o
 *fill*         0x0000000008004ab6        0x2 
 .text.DMA_CalcDMAMUXChannelBaseAndMask
                0x0000000008004ab8       0x7c ./Drivers/STM32G4xx_HAL_Driver/Src/stm32g4xx_hal_dma.o
 .text.DMA_CalcDMAMUXRequestGenBaseAndMask
                0x0000000008004b34       0x48 ./Drivers/STM32G4xx_HAL_Driver/Src/stm32g4xx_hal_dma.o
 .text.HAL_GPIO_Init
                0x0000000008004b7c      0x304 ./Drivers/STM32G4xx_HAL_Driver/Src/stm32g4xx_hal_gpio.o
                0x0000000008004b7c                HAL_GPIO_Init
 .text.HAL_GPIO_WritePin
                0x0000000008004e80       0x30 ./Drivers/STM32G4xx_HAL_Driver/Src/stm32g4xx_hal_gpio.o
                0x0000000008004e80                HAL_GPIO_WritePin
 .text.HAL_PWREx_ControlVoltageScaling
                0x0000000008004eb0      0x148 ./Drivers/STM32G4xx_HAL_Driver/Src/stm32g4xx_hal_pwr_ex.o
                0x0000000008004eb0                HAL_PWREx_ControlVoltageScaling
 .text.HAL_PWREx_DisableUCPDDeadBattery
                0x0000000008004ff8       0x20 ./Drivers/STM32G4xx_HAL_Driver/Src/stm32g4xx_hal_pwr_ex.o
                0x0000000008004ff8                HAL_PWREx_DisableUCPDDeadBattery
 .text.HAL_RCC_OscConfig
                0x0000000008005018      0x630 ./Drivers/STM32G4xx_HAL_Driver/Src/stm32g4xx_hal_rcc.o
                0x0000000008005018                HAL_RCC_OscConfig
 .text.HAL_RCC_ClockConfig
                0x0000000008005648      0x278 ./Drivers/STM32G4xx_HAL_Driver/Src/stm32g4xx_hal_rcc.o
                0x0000000008005648                HAL_RCC_ClockConfig
 .text.HAL_RCC_GetSysClockFreq
                0x00000000080058c0       0xc4 ./Drivers/STM32G4xx_HAL_Driver/Src/stm32g4xx_hal_rcc.o
                0x00000000080058c0                HAL_RCC_GetSysClockFreq
 .text.HAL_RCC_GetHCLKFreq
                0x0000000008005984       0x18 ./Drivers/STM32G4xx_HAL_Driver/Src/stm32g4xx_hal_rcc.o
                0x0000000008005984                HAL_RCC_GetHCLKFreq
 .text.RCC_GetSysClockFreqFromPLLSource
                0x000000000800599c       0x8c ./Drivers/STM32G4xx_HAL_Driver/Src/stm32g4xx_hal_rcc.o
 .text.HAL_RCCEx_PeriphCLKConfig
                0x0000000008005a28      0x478 ./Drivers/STM32G4xx_HAL_Driver/Src/stm32g4xx_hal_rcc_ex.o
                0x0000000008005a28                HAL_RCCEx_PeriphCLKConfig
 .text.HAL_SPI_Init
                0x0000000008005ea0      0x156 ./Drivers/STM32G4xx_HAL_Driver/Src/stm32g4xx_hal_spi.o
                0x0000000008005ea0                HAL_SPI_Init
 .text.HAL_TIM_Base_Init
                0x0000000008005ff6       0xae ./Drivers/STM32G4xx_HAL_Driver/Src/stm32g4xx_hal_tim.o
                0x0000000008005ff6                HAL_TIM_Base_Init
 .text.HAL_TIM_PWM_Init
                0x00000000080060a4       0xae ./Drivers/STM32G4xx_HAL_Driver/Src/stm32g4xx_hal_tim.o
                0x00000000080060a4                HAL_TIM_PWM_Init
 .text.HAL_TIM_PWM_MspInit
                0x0000000008006152       0x14 ./Drivers/STM32G4xx_HAL_Driver/Src/stm32g4xx_hal_tim.o
                0x0000000008006152                HAL_TIM_PWM_MspInit
 .text.HAL_TIM_OnePulse_Init
                0x0000000008006166       0xa0 ./Drivers/STM32G4xx_HAL_Driver/Src/stm32g4xx_hal_tim.o
                0x0000000008006166                HAL_TIM_OnePulse_Init
 .text.HAL_TIM_OnePulse_MspInit
                0x0000000008006206       0x14 ./Drivers/STM32G4xx_HAL_Driver/Src/stm32g4xx_hal_tim.o
                0x0000000008006206                HAL_TIM_OnePulse_MspInit
 .text.HAL_TIM_IRQHandler
                0x000000000800621a      0x2fe ./Drivers/STM32G4xx_HAL_Driver/Src/stm32g4xx_hal_tim.o
                0x000000000800621a                HAL_TIM_IRQHandler
 .text.HAL_TIM_PWM_ConfigChannel
                0x0000000008006518      0x228 ./Drivers/STM32G4xx_HAL_Driver/Src/stm32g4xx_hal_tim.o
                0x0000000008006518                HAL_TIM_PWM_ConfigChannel
 .text.HAL_TIM_ConfigClockSource
                0x0000000008006740      0x208 ./Drivers/STM32G4xx_HAL_Driver/Src/stm32g4xx_hal_tim.o
                0x0000000008006740                HAL_TIM_ConfigClockSource
 .text.HAL_TIM_PeriodElapsedCallback
                0x0000000008006948       0x14 ./Drivers/STM32G4xx_HAL_Driver/Src/stm32g4xx_hal_tim.o
                0x0000000008006948                HAL_TIM_PeriodElapsedCallback
 .text.HAL_TIM_OC_DelayElapsedCallback
                0x000000000800695c       0x14 ./Drivers/STM32G4xx_HAL_Driver/Src/stm32g4xx_hal_tim.o
                0x000000000800695c                HAL_TIM_OC_DelayElapsedCallback
 .text.HAL_TIM_IC_CaptureCallback
                0x0000000008006970       0x14 ./Drivers/STM32G4xx_HAL_Driver/Src/stm32g4xx_hal_tim.o
                0x0000000008006970                HAL_TIM_IC_CaptureCallback
 .text.HAL_TIM_PWM_PulseFinishedCallback
                0x0000000008006984       0x14 ./Drivers/STM32G4xx_HAL_Driver/Src/stm32g4xx_hal_tim.o
                0x0000000008006984                HAL_TIM_PWM_PulseFinishedCallback
 .text.HAL_TIM_TriggerCallback
                0x0000000008006998       0x14 ./Drivers/STM32G4xx_HAL_Driver/Src/stm32g4xx_hal_tim.o
                0x0000000008006998                HAL_TIM_TriggerCallback
 .text.TIM_Base_SetConfig
                0x00000000080069ac      0x13c ./Drivers/STM32G4xx_HAL_Driver/Src/stm32g4xx_hal_tim.o
                0x00000000080069ac                TIM_Base_SetConfig
 .text.TIM_OC1_SetConfig
                0x0000000008006ae8      0x134 ./Drivers/STM32G4xx_HAL_Driver/Src/stm32g4xx_hal_tim.o
 .text.TIM_OC2_SetConfig
                0x0000000008006c1c      0x128 ./Drivers/STM32G4xx_HAL_Driver/Src/stm32g4xx_hal_tim.o
                0x0000000008006c1c                TIM_OC2_SetConfig
 .text.TIM_OC3_SetConfig
                0x0000000008006d44      0x124 ./Drivers/STM32G4xx_HAL_Driver/Src/stm32g4xx_hal_tim.o
 .text.TIM_OC4_SetConfig
                0x0000000008006e68      0x128 ./Drivers/STM32G4xx_HAL_Driver/Src/stm32g4xx_hal_tim.o
 .text.TIM_OC5_SetConfig
                0x0000000008006f90       0xd4 ./Drivers/STM32G4xx_HAL_Driver/Src/stm32g4xx_hal_tim.o
 .text.TIM_OC6_SetConfig
                0x0000000008007064       0xd8 ./Drivers/STM32G4xx_HAL_Driver/Src/stm32g4xx_hal_tim.o
 .text.TIM_TI1_ConfigInputStage
                0x000000000800713c       0x5e ./Drivers/STM32G4xx_HAL_Driver/Src/stm32g4xx_hal_tim.o
 .text.TIM_TI2_ConfigInputStage
                0x000000000800719a       0x60 ./Drivers/STM32G4xx_HAL_Driver/Src/stm32g4xx_hal_tim.o
 .text.TIM_ITRx_SetConfig
                0x00000000080071fa       0x3a ./Drivers/STM32G4xx_HAL_Driver/Src/stm32g4xx_hal_tim.o
 .text.TIM_ETR_SetConfig
                0x0000000008007234       0x40 ./Drivers/STM32G4xx_HAL_Driver/Src/stm32g4xx_hal_tim.o
                0x0000000008007234                TIM_ETR_SetConfig
 .text.HAL_TIMEx_MasterConfigSynchronization
                0x0000000008007274      0x11c ./Drivers/STM32G4xx_HAL_Driver/Src/stm32g4xx_hal_tim_ex.o
                0x0000000008007274                HAL_TIMEx_MasterConfigSynchronization
 .text.HAL_TIMEx_ConfigBreakDeadTime
                0x0000000008007390      0x164 ./Drivers/STM32G4xx_HAL_Driver/Src/stm32g4xx_hal_tim_ex.o
                0x0000000008007390                HAL_TIMEx_ConfigBreakDeadTime
 .text.HAL_TIMEx_ConfigBreakInput
                0x00000000080074f4      0x1b0 ./Drivers/STM32G4xx_HAL_Driver/Src/stm32g4xx_hal_tim_ex.o
                0x00000000080074f4                HAL_TIMEx_ConfigBreakInput
 .text.HAL_TIMEx_CommutCallback
                0x00000000080076a4       0x14 ./Drivers/STM32G4xx_HAL_Driver/Src/stm32g4xx_hal_tim_ex.o
                0x00000000080076a4                HAL_TIMEx_CommutCallback
 .text.HAL_TIMEx_Break2Callback
                0x00000000080076b8       0x14 ./Drivers/STM32G4xx_HAL_Driver/Src/stm32g4xx_hal_tim_ex.o
                0x00000000080076b8                HAL_TIMEx_Break2Callback
 .text.HAL_TIMEx_EncoderIndexCallback
                0x00000000080076cc       0x14 ./Drivers/STM32G4xx_HAL_Driver/Src/stm32g4xx_hal_tim_ex.o
                0x00000000080076cc                HAL_TIMEx_EncoderIndexCallback
 .text.HAL_TIMEx_DirectionChangeCallback
                0x00000000080076e0       0x14 ./Drivers/STM32G4xx_HAL_Driver/Src/stm32g4xx_hal_tim_ex.o
                0x00000000080076e0                HAL_TIMEx_DirectionChangeCallback
 .text.HAL_TIMEx_IndexErrorCallback
                0x00000000080076f4       0x14 ./Drivers/STM32G4xx_HAL_Driver/Src/stm32g4xx_hal_tim_ex.o
                0x00000000080076f4                HAL_TIMEx_IndexErrorCallback
 .text.HAL_TIMEx_TransitionErrorCallback
                0x0000000008007708       0x14 ./Drivers/STM32G4xx_HAL_Driver/Src/stm32g4xx_hal_tim_ex.o
                0x0000000008007708                HAL_TIMEx_TransitionErrorCallback
 .text.LL_GPIO_SetPinMode
                0x000000000800771c       0x7a ./Drivers/STM32G4xx_HAL_Driver/Src/stm32g4xx_ll_gpio.o
 .text.LL_GPIO_SetPinOutputType
                0x0000000008007796       0x30 ./Drivers/STM32G4xx_HAL_Driver/Src/stm32g4xx_ll_gpio.o
 .text.LL_GPIO_SetPinSpeed
                0x00000000080077c6       0x7a ./Drivers/STM32G4xx_HAL_Driver/Src/stm32g4xx_ll_gpio.o
 .text.LL_GPIO_SetPinPull
                0x0000000008007840       0x7a ./Drivers/STM32G4xx_HAL_Driver/Src/stm32g4xx_ll_gpio.o
 .text.LL_GPIO_SetAFPin_0_7
                0x00000000080078ba       0x7a ./Drivers/STM32G4xx_HAL_Driver/Src/stm32g4xx_ll_gpio.o
 .text.LL_GPIO_SetAFPin_8_15
                0x0000000008007934       0x7e ./Drivers/STM32G4xx_HAL_Driver/Src/stm32g4xx_ll_gpio.o
 .text.LL_GPIO_Init
                0x00000000080079b2       0xdc ./Drivers/STM32G4xx_HAL_Driver/Src/stm32g4xx_ll_gpio.o
                0x00000000080079b2                LL_GPIO_Init
 .text.LL_OPAMP_IsLocked
                0x0000000008007a8e       0x28 ./Drivers/STM32G4xx_HAL_Driver/Src/stm32g4xx_ll_opamp.o
 .text.LL_OPAMP_Init
                0x0000000008007ab6       0x7c ./Drivers/STM32G4xx_HAL_Driver/Src/stm32g4xx_ll_opamp.o
                0x0000000008007ab6                LL_OPAMP_Init
 *fill*         0x0000000008007b32        0x2 
 .text.__libc_init_array
                0x0000000008007b34       0x48 c:/st/stm32cubeide_1.7.0/stm32cubeide/plugins/com.st.stm32cube.ide.mcu.externaltools.gnu-tools-for-stm32.10.3-2021.10.win32_1.0.0.202111181127/tools/bin/../lib/gcc/arm-none-eabi/10.3.1/../../../../arm-none-eabi/lib/thumb/v7e-m+fp/hard\libc_nano.a(lib_a-init.o)
                0x0000000008007b34                __libc_init_array
 .text.memset   0x0000000008007b7c       0x10 c:/st/stm32cubeide_1.7.0/stm32cubeide/plugins/com.st.stm32cube.ide.mcu.externaltools.gnu-tools-for-stm32.10.3-2021.10.win32_1.0.0.202111181127/tools/bin/../lib/gcc/arm-none-eabi/10.3.1/../../../../arm-none-eabi/lib/thumb/v7e-m+fp/hard\libc_nano.a(lib_a-memset.o)
                0x0000000008007b7c                memset
 *(.glue_7)
 .glue_7        0x0000000008007b8c        0x0 linker stubs
 *(.glue_7t)
 .glue_7t       0x0000000008007b8c        0x0 linker stubs
 *(.eh_frame)
 .eh_frame      0x0000000008007b8c        0x0 c:/st/stm32cubeide_1.7.0/stm32cubeide/plugins/com.st.stm32cube.ide.mcu.externaltools.gnu-tools-for-stm32.10.3-2021.10.win32_1.0.0.202111181127/tools/bin/../lib/gcc/arm-none-eabi/10.3.1/thumb/v7e-m+fp/hard/crtbegin.o
 *(.init)
 .init          0x0000000008007b8c        0x4 c:/st/stm32cubeide_1.7.0/stm32cubeide/plugins/com.st.stm32cube.ide.mcu.externaltools.gnu-tools-for-stm32.10.3-2021.10.win32_1.0.0.202111181127/tools/bin/../lib/gcc/arm-none-eabi/10.3.1/thumb/v7e-m+fp/hard/crti.o
                0x0000000008007b8c                _init
 .init          0x0000000008007b90        0x8 c:/st/stm32cubeide_1.7.0/stm32cubeide/plugins/com.st.stm32cube.ide.mcu.externaltools.gnu-tools-for-stm32.10.3-2021.10.win32_1.0.0.202111181127/tools/bin/../lib/gcc/arm-none-eabi/10.3.1/thumb/v7e-m+fp/hard/crtn.o
 *(.fini)
 .fini          0x0000000008007b98        0x4 c:/st/stm32cubeide_1.7.0/stm32cubeide/plugins/com.st.stm32cube.ide.mcu.externaltools.gnu-tools-for-stm32.10.3-2021.10.win32_1.0.0.202111181127/tools/bin/../lib/gcc/arm-none-eabi/10.3.1/thumb/v7e-m+fp/hard/crti.o
                0x0000000008007b98                _fini
 .fini          0x0000000008007b9c        0x8 c:/st/stm32cubeide_1.7.0/stm32cubeide/plugins/com.st.stm32cube.ide.mcu.externaltools.gnu-tools-for-stm32.10.3-2021.10.win32_1.0.0.202111181127/tools/bin/../lib/gcc/arm-none-eabi/10.3.1/thumb/v7e-m+fp/hard/crtn.o
                0x0000000008007ba4                . = ALIGN (0x4)
                0x0000000008007ba4                _etext = .

.vfp11_veneer   0x0000000008007ba4        0x0
 .vfp11_veneer  0x0000000008007ba4        0x0 linker stubs

.v4_bx          0x0000000008007ba4        0x0
 .v4_bx         0x0000000008007ba4        0x0 linker stubs

.iplt           0x0000000008007ba4        0x0
 .iplt          0x0000000008007ba4        0x0 c:/st/stm32cubeide_1.7.0/stm32cubeide/plugins/com.st.stm32cube.ide.mcu.externaltools.gnu-tools-for-stm32.10.3-2021.10.win32_1.0.0.202111181127/tools/bin/../lib/gcc/arm-none-eabi/10.3.1/thumb/v7e-m+fp/hard/crtbegin.o

.rodata         0x0000000008007ba4       0x10
                0x0000000008007ba4                . = ALIGN (0x4)
 *(.rodata)
 *(.rodata*)
 .rodata.AHBPrescTable
                0x0000000008007ba4       0x10 ./Core/Src/system_stm32g4xx.o
                0x0000000008007ba4                AHBPrescTable
                0x0000000008007bb4                . = ALIGN (0x4)

.rel.dyn        0x0000000008007bb4        0x0
 .rel.iplt      0x0000000008007bb4        0x0 c:/st/stm32cubeide_1.7.0/stm32cubeide/plugins/com.st.stm32cube.ide.mcu.externaltools.gnu-tools-for-stm32.10.3-2021.10.win32_1.0.0.202111181127/tools/bin/../lib/gcc/arm-none-eabi/10.3.1/thumb/v7e-m+fp/hard/crtbegin.o

.ARM.extab      0x0000000008007bb4        0x0
                0x0000000008007bb4                . = ALIGN (0x4)
 *(.ARM.extab* .gnu.linkonce.armextab.*)
                0x0000000008007bb4                . = ALIGN (0x4)

.ARM            0x0000000008007bb4        0x0
                0x0000000008007bb4                . = ALIGN (0x4)
                0x0000000008007bb4                __exidx_start = .
 *(.ARM.exidx*)
                0x0000000008007bb4                __exidx_end = .
                0x0000000008007bb4                . = ALIGN (0x4)

.preinit_array  0x0000000008007bb4        0x0
                0x0000000008007bb4                . = ALIGN (0x4)
                0x0000000008007bb4                PROVIDE (__preinit_array_start = .)
 *(.preinit_array*)
                0x0000000008007bb4                PROVIDE (__preinit_array_end = .)
                0x0000000008007bb4                . = ALIGN (0x4)

.init_array     0x0000000008007bb4        0x4
                0x0000000008007bb4                . = ALIGN (0x4)
                0x0000000008007bb4                PROVIDE (__init_array_start = .)
 *(SORT_BY_NAME(.init_array.*))
 *(.init_array*)
 .init_array    0x0000000008007bb4        0x4 c:/st/stm32cubeide_1.7.0/stm32cubeide/plugins/com.st.stm32cube.ide.mcu.externaltools.gnu-tools-for-stm32.10.3-2021.10.win32_1.0.0.202111181127/tools/bin/../lib/gcc/arm-none-eabi/10.3.1/thumb/v7e-m+fp/hard/crtbegin.o
                0x0000000008007bb8                PROVIDE (__init_array_end = .)
                0x0000000008007bb8                . = ALIGN (0x4)

.fini_array     0x0000000008007bb8        0x4
                0x0000000008007bb8                . = ALIGN (0x4)
                [!provide]                        PROVIDE (__fini_array_start = .)
 *(SORT_BY_NAME(.fini_array.*))
 *(.fini_array*)
 .fini_array    0x0000000008007bb8        0x4 c:/st/stm32cubeide_1.7.0/stm32cubeide/plugins/com.st.stm32cube.ide.mcu.externaltools.gnu-tools-for-stm32.10.3-2021.10.win32_1.0.0.202111181127/tools/bin/../lib/gcc/arm-none-eabi/10.3.1/thumb/v7e-m+fp/hard/crtbegin.o
                [!provide]                        PROVIDE (__fini_array_end = .)
                0x0000000008007bbc                . = ALIGN (0x4)
                0x0000000008007bbc                _sidata = LOADADDR (.data)

.data           0x0000000020000000       0x1c load address 0x0000000008007bbc
                0x0000000020000000                . = ALIGN (0x4)
                0x0000000020000000                _sdata = .
 *(.data)
 *(.data*)
 .data.ADC_DRIVERS_MID_VOLTAGE
                0x0000000020000000        0x2 ./Core/Src/main.o
                0x0000000020000000                ADC_DRIVERS_MID_VOLTAGE
 .data.IAC_OPAMP_MID_VOLTAGE
                0x0000000020000002        0x2 ./Core/Src/main.o
                0x0000000020000002                IAC_OPAMP_MID_VOLTAGE
 .data.OVERCURRENT_THS
                0x0000000020000004        0x2 ./Core/Src/main.o
                0x0000000020000004                OVERCURRENT_THS
 .data.OVERCURRENT_MID
                0x0000000020000006        0x2 ./Core/Src/main.o
                0x0000000020000006                OVERCURRENT_MID
 .data.VAC_ADC_VAL
                0x0000000020000008        0x2 ./Core/Src/main.o
                0x0000000020000008                VAC_ADC_VAL
 .data.IAC_ADC_VAL
                0x000000002000000a        0x2 ./Core/Src/main.o
                0x000000002000000a                IAC_ADC_VAL
 .data.HVDC_ADC_VAL
                0x000000002000000c        0x2 ./Core/Src/main.o
                0x000000002000000c                HVDC_ADC_VAL
 .data.frequency_factor
                0x000000002000000e        0x1 ./Core/Src/main.o
                0x000000002000000e                frequency_factor
 *fill*         0x000000002000000f        0x1 
 .data.SystemCoreClock
                0x0000000020000010        0x4 ./Core/Src/system_stm32g4xx.o
                0x0000000020000010                SystemCoreClock
 .data.uwTickPrio
                0x0000000020000014        0x4 ./Drivers/STM32G4xx_HAL_Driver/Src/stm32g4xx_hal.o
                0x0000000020000014                uwTickPrio
 .data.uwTickFreq
                0x0000000020000018        0x4 ./Drivers/STM32G4xx_HAL_Driver/Src/stm32g4xx_hal.o
                0x0000000020000018                uwTickFreq
 *(.RamFunc)
 *(.RamFunc*)
                0x000000002000001c                . = ALIGN (0x4)
                0x000000002000001c                _edata = .

.igot.plt       0x000000002000001c        0x0 load address 0x0000000008007bd8
 .igot.plt      0x000000002000001c        0x0 c:/st/stm32cubeide_1.7.0/stm32cubeide/plugins/com.st.stm32cube.ide.mcu.externaltools.gnu-tools-for-stm32.10.3-2021.10.win32_1.0.0.202111181127/tools/bin/../lib/gcc/arm-none-eabi/10.3.1/thumb/v7e-m+fp/hard/crtbegin.o
                0x000000002000001c                . = ALIGN (0x4)

.bss            0x000000002000001c      0x314 load address 0x0000000008007bd8
                0x000000002000001c                _sbss = .
                0x000000002000001c                __bss_start__ = _sbss
 *(.bss)
 .bss           0x000000002000001c       0x1c c:/st/stm32cubeide_1.7.0/stm32cubeide/plugins/com.st.stm32cube.ide.mcu.externaltools.gnu-tools-for-stm32.10.3-2021.10.win32_1.0.0.202111181127/tools/bin/../lib/gcc/arm-none-eabi/10.3.1/thumb/v7e-m+fp/hard/crtbegin.o
 *(.bss*)
 .bss.hadc1     0x0000000020000038       0x6c ./Core/Src/main.o
                0x0000000020000038                hadc1
 .bss.hadc2     0x00000000200000a4       0x6c ./Core/Src/main.o
                0x00000000200000a4                hadc2
 .bss.hadc3     0x0000000020000110       0x6c ./Core/Src/main.o
                0x0000000020000110                hadc3
 .bss.hdma_adc1
                0x000000002000017c       0x60 ./Core/Src/main.o
                0x000000002000017c                hdma_adc1
 .bss.hcomp1    0x00000000200001dc       0x24 ./Core/Src/main.o
                0x00000000200001dc                hcomp1
 .bss.hcomp4    0x0000000020000200       0x24 ./Core/Src/main.o
                0x0000000020000200                hcomp4
 .bss.hdac1     0x0000000020000224       0x14 ./Core/Src/main.o
                0x0000000020000224                hdac1
 .bss.hdac3     0x0000000020000238       0x14 ./Core/Src/main.o
                0x0000000020000238                hdac3
 .bss.hspi3     0x000000002000024c       0x64 ./Core/Src/main.o
                0x000000002000024c                hspi3
 .bss.htim1     0x00000000200002b0       0x4c ./Core/Src/main.o
                0x00000000200002b0                htim1
 .bss.ADC12_BUFFER
                0x00000000200002fc        0x8 ./Core/Src/main.o
                0x00000000200002fc                ADC12_BUFFER
 .bss.aqusitionDMA1_1
                0x0000000020000304        0x1 ./Core/Src/main.o
                0x0000000020000304                aqusitionDMA1_1
 *fill*         0x0000000020000305        0x3 
 .bss.ptr_aqusitionDMA1_1
                0x0000000020000308        0x4 ./Core/Src/main.o
                0x0000000020000308                ptr_aqusitionDMA1_1
 .bss.SPI_TxBuffer
                0x000000002000030c        0x6 ./Core/Src/main.o
                0x000000002000030c                SPI_TxBuffer
 *fill*         0x0000000020000312        0x2 
 .bss.SPI_RxBuffer
                0x0000000020000314        0x6 ./Core/Src/main.o
                0x0000000020000314                SPI_RxBuffer
 *fill*         0x000000002000031a        0x2 
 .bss.ptr_SPI_TxBuffer
                0x000000002000031c        0x4 ./Core/Src/main.o
                0x000000002000031c                ptr_SPI_TxBuffer
 .bss.ptr_SPI_RxBuffer
                0x0000000020000320        0x4 ./Core/Src/main.o
                0x0000000020000320                ptr_SPI_RxBuffer
 .bss.OC_PROT_ON
                0x0000000020000324        0x2 ./Core/Src/main.o
                0x0000000020000324                OC_PROT_ON
 .bss.Status_Val
                0x0000000020000326        0x2 ./Core/Src/main.o
                0x0000000020000326                Status_Val
 .bss.HAL_RCC_ADC12_CLK_ENABLED
                0x0000000020000328        0x4 ./Core/Src/stm32g4xx_hal_msp.o
 .bss.uwTick    0x000000002000032c        0x4 ./Drivers/STM32G4xx_HAL_Driver/Src/stm32g4xx_hal.o
                0x000000002000032c                uwTick
 *(COMMON)
                0x0000000020000330                . = ALIGN (0x4)
                0x0000000020000330                _ebss = .
                0x0000000020000330                __bss_end__ = _ebss

._user_heap_stack
                0x0000000020000330      0x600 load address 0x0000000008007bd8
                0x0000000020000330                . = ALIGN (0x8)
                [!provide]                        PROVIDE (end = .)
                0x0000000020000330                PROVIDE (_end = .)
                0x0000000020000530                . = (. + _Min_Heap_Size)
 *fill*         0x0000000020000330      0x200 
                0x0000000020000930                . = (. + _Min_Stack_Size)
 *fill*         0x0000000020000530      0x400 
                0x0000000020000930                . = ALIGN (0x8)

/DISCARD/
 libc.a(*)
 libm.a(*)
 libgcc.a(*)

.ARM.attributes
                0x0000000000000000       0x30
 *(.ARM.attributes)
 .ARM.attributes
                0x0000000000000000       0x1e c:/st/stm32cubeide_1.7.0/stm32cubeide/plugins/com.st.stm32cube.ide.mcu.externaltools.gnu-tools-for-stm32.10.3-2021.10.win32_1.0.0.202111181127/tools/bin/../lib/gcc/arm-none-eabi/10.3.1/thumb/v7e-m+fp/hard/crti.o
 .ARM.attributes
                0x000000000000001e       0x34 c:/st/stm32cubeide_1.7.0/stm32cubeide/plugins/com.st.stm32cube.ide.mcu.externaltools.gnu-tools-for-stm32.10.3-2021.10.win32_1.0.0.202111181127/tools/bin/../lib/gcc/arm-none-eabi/10.3.1/thumb/v7e-m+fp/hard/crtbegin.o
 .ARM.attributes
                0x0000000000000052       0x34 ./Core/Src/main.o
 .ARM.attributes
                0x0000000000000086       0x34 ./Core/Src/stm32g4xx_hal_msp.o
 .ARM.attributes
                0x00000000000000ba       0x34 ./Core/Src/stm32g4xx_it.o
 .ARM.attributes
                0x00000000000000ee       0x34 ./Core/Src/system_stm32g4xx.o
 .ARM.attributes
                0x0000000000000122       0x21 ./Core/Startup/startup_stm32g491ccux.o
 .ARM.attributes
                0x0000000000000143       0x34 ./Drivers/STM32G4xx_HAL_Driver/Src/stm32g4xx_hal.o
 .ARM.attributes
                0x0000000000000177       0x34 ./Drivers/STM32G4xx_HAL_Driver/Src/stm32g4xx_hal_adc.o
 .ARM.attributes
                0x00000000000001ab       0x34 ./Drivers/STM32G4xx_HAL_Driver/Src/stm32g4xx_hal_adc_ex.o
 .ARM.attributes
                0x00000000000001df       0x34 ./Drivers/STM32G4xx_HAL_Driver/Src/stm32g4xx_hal_comp.o
 .ARM.attributes
                0x0000000000000213       0x34 ./Drivers/STM32G4xx_HAL_Driver/Src/stm32g4xx_hal_cortex.o
 .ARM.attributes
                0x0000000000000247       0x34 ./Drivers/STM32G4xx_HAL_Driver/Src/stm32g4xx_hal_dac.o
 .ARM.attributes
                0x000000000000027b       0x34 ./Drivers/STM32G4xx_HAL_Driver/Src/stm32g4xx_hal_dma.o
 .ARM.attributes
                0x00000000000002af       0x34 ./Drivers/STM32G4xx_HAL_Driver/Src/stm32g4xx_hal_gpio.o
 .ARM.attributes
                0x00000000000002e3       0x34 ./Drivers/STM32G4xx_HAL_Driver/Src/stm32g4xx_hal_pwr_ex.o
 .ARM.attributes
                0x0000000000000317       0x34 ./Drivers/STM32G4xx_HAL_Driver/Src/stm32g4xx_hal_rcc.o
 .ARM.attributes
                0x000000000000034b       0x34 ./Drivers/STM32G4xx_HAL_Driver/Src/stm32g4xx_hal_rcc_ex.o
 .ARM.attributes
                0x000000000000037f       0x34 ./Drivers/STM32G4xx_HAL_Driver/Src/stm32g4xx_hal_spi.o
 .ARM.attributes
                0x00000000000003b3       0x34 ./Drivers/STM32G4xx_HAL_Driver/Src/stm32g4xx_hal_tim.o
 .ARM.attributes
                0x00000000000003e7       0x34 ./Drivers/STM32G4xx_HAL_Driver/Src/stm32g4xx_hal_tim_ex.o
 .ARM.attributes
                0x000000000000041b       0x34 ./Drivers/STM32G4xx_HAL_Driver/Src/stm32g4xx_ll_gpio.o
 .ARM.attributes
                0x000000000000044f       0x34 ./Drivers/STM32G4xx_HAL_Driver/Src/stm32g4xx_ll_opamp.o
 .ARM.attributes
                0x0000000000000483       0x34 c:/st/stm32cubeide_1.7.0/stm32cubeide/plugins/com.st.stm32cube.ide.mcu.externaltools.gnu-tools-for-stm32.10.3-2021.10.win32_1.0.0.202111181127/tools/bin/../lib/gcc/arm-none-eabi/10.3.1/../../../../arm-none-eabi/lib/thumb/v7e-m+fp/hard\libc_nano.a(lib_a-init.o)
 .ARM.attributes
                0x00000000000004b7       0x34 c:/st/stm32cubeide_1.7.0/stm32cubeide/plugins/com.st.stm32cube.ide.mcu.externaltools.gnu-tools-for-stm32.10.3-2021.10.win32_1.0.0.202111181127/tools/bin/../lib/gcc/arm-none-eabi/10.3.1/../../../../arm-none-eabi/lib/thumb/v7e-m+fp/hard\libc_nano.a(lib_a-memset.o)
 .ARM.attributes
                0x00000000000004eb       0x1e c:/st/stm32cubeide_1.7.0/stm32cubeide/plugins/com.st.stm32cube.ide.mcu.externaltools.gnu-tools-for-stm32.10.3-2021.10.win32_1.0.0.202111181127/tools/bin/../lib/gcc/arm-none-eabi/10.3.1/thumb/v7e-m+fp/hard/crtn.o
OUTPUT(Microinverter_V2.0_GRID.elf elf32-littlearm)
LOAD linker stubs
LOAD c:/st/stm32cubeide_1.7.0/stm32cubeide/plugins/com.st.stm32cube.ide.mcu.externaltools.gnu-tools-for-stm32.10.3-2021.10.win32_1.0.0.202111181127/tools/bin/../lib/gcc/arm-none-eabi/10.3.1/../../../../arm-none-eabi/lib/thumb/v7e-m+fp/hard\libc.a
LOAD c:/st/stm32cubeide_1.7.0/stm32cubeide/plugins/com.st.stm32cube.ide.mcu.externaltools.gnu-tools-for-stm32.10.3-2021.10.win32_1.0.0.202111181127/tools/bin/../lib/gcc/arm-none-eabi/10.3.1/../../../../arm-none-eabi/lib/thumb/v7e-m+fp/hard\libm.a
LOAD c:/st/stm32cubeide_1.7.0/stm32cubeide/plugins/com.st.stm32cube.ide.mcu.externaltools.gnu-tools-for-stm32.10.3-2021.10.win32_1.0.0.202111181127/tools/bin/../lib/gcc/arm-none-eabi/10.3.1/thumb/v7e-m+fp/hard\libgcc.a

.debug_info     0x0000000000000000    0x17075
 .debug_info    0x0000000000000000     0x2d4c ./Core/Src/main.o
 .debug_info    0x0000000000002d4c     0x1f21 ./Core/Src/stm32g4xx_hal_msp.o
 .debug_info    0x0000000000004c6d      0xa60 ./Core/Src/stm32g4xx_it.o
 .debug_info    0x00000000000056cd      0x59f ./Core/Src/system_stm32g4xx.o
 .debug_info    0x0000000000005c6c       0x22 ./Core/Startup/startup_stm32g491ccux.o
 .debug_info    0x0000000000005c8e      0xb31 ./Drivers/STM32G4xx_HAL_Driver/Src/stm32g4xx_hal.o
 .debug_info    0x00000000000067bf     0x213e ./Drivers/STM32G4xx_HAL_Driver/Src/stm32g4xx_hal_adc.o
 .debug_info    0x00000000000088fd     0x1e4b ./Drivers/STM32G4xx_HAL_Driver/Src/stm32g4xx_hal_adc_ex.o
 .debug_info    0x000000000000a748      0x750 ./Drivers/STM32G4xx_HAL_Driver/Src/stm32g4xx_hal_comp.o
 .debug_info    0x000000000000ae98      0xe12 ./Drivers/STM32G4xx_HAL_Driver/Src/stm32g4xx_hal_cortex.o
 .debug_info    0x000000000000bcaa      0xd17 ./Drivers/STM32G4xx_HAL_Driver/Src/stm32g4xx_hal_dac.o
 .debug_info    0x000000000000c9c1      0x8ee ./Drivers/STM32G4xx_HAL_Driver/Src/stm32g4xx_hal_dma.o
 .debug_info    0x000000000000d2af      0x82f ./Drivers/STM32G4xx_HAL_Driver/Src/stm32g4xx_hal_gpio.o
 .debug_info    0x000000000000dade      0x983 ./Drivers/STM32G4xx_HAL_Driver/Src/stm32g4xx_hal_pwr_ex.o
 .debug_info    0x000000000000e461      0xc53 ./Drivers/STM32G4xx_HAL_Driver/Src/stm32g4xx_hal_rcc.o
 .debug_info    0x000000000000f0b4      0xd25 ./Drivers/STM32G4xx_HAL_Driver/Src/stm32g4xx_hal_rcc_ex.o
 .debug_info    0x000000000000fdd9     0x18b8 ./Drivers/STM32G4xx_HAL_Driver/Src/stm32g4xx_hal_spi.o
 .debug_info    0x0000000000011691     0x2e83 ./Drivers/STM32G4xx_HAL_Driver/Src/stm32g4xx_hal_tim.o
 .debug_info    0x0000000000014514     0x1eea ./Drivers/STM32G4xx_HAL_Driver/Src/stm32g4xx_hal_tim_ex.o
 .debug_info    0x00000000000163fe      0xa14 ./Drivers/STM32G4xx_HAL_Driver/Src/stm32g4xx_ll_gpio.o
 .debug_info    0x0000000000016e12      0x263 ./Drivers/STM32G4xx_HAL_Driver/Src/stm32g4xx_ll_opamp.o

.debug_abbrev   0x0000000000000000     0x2db2
 .debug_abbrev  0x0000000000000000      0x33e ./Core/Src/main.o
 .debug_abbrev  0x000000000000033e      0x276 ./Core/Src/stm32g4xx_hal_msp.o
 .debug_abbrev  0x00000000000005b4      0x1d6 ./Core/Src/stm32g4xx_it.o
 .debug_abbrev  0x000000000000078a      0x116 ./Core/Src/system_stm32g4xx.o
 .debug_abbrev  0x00000000000008a0       0x12 ./Core/Startup/startup_stm32g491ccux.o
 .debug_abbrev  0x00000000000008b2      0x269 ./Drivers/STM32G4xx_HAL_Driver/Src/stm32g4xx_hal.o
 .debug_abbrev  0x0000000000000b1b      0x2bf ./Drivers/STM32G4xx_HAL_Driver/Src/stm32g4xx_hal_adc.o
 .debug_abbrev  0x0000000000000dda      0x2da ./Drivers/STM32G4xx_HAL_Driver/Src/stm32g4xx_hal_adc_ex.o
 .debug_abbrev  0x00000000000010b4      0x1ff ./Drivers/STM32G4xx_HAL_Driver/Src/stm32g4xx_hal_comp.o
 .debug_abbrev  0x00000000000012b3      0x30d ./Drivers/STM32G4xx_HAL_Driver/Src/stm32g4xx_hal_cortex.o
 .debug_abbrev  0x00000000000015c0      0x206 ./Drivers/STM32G4xx_HAL_Driver/Src/stm32g4xx_hal_dac.o
 .debug_abbrev  0x00000000000017c6      0x1d7 ./Drivers/STM32G4xx_HAL_Driver/Src/stm32g4xx_hal_dma.o
 .debug_abbrev  0x000000000000199d      0x1bb ./Drivers/STM32G4xx_HAL_Driver/Src/stm32g4xx_hal_gpio.o
 .debug_abbrev  0x0000000000001b58      0x229 ./Drivers/STM32G4xx_HAL_Driver/Src/stm32g4xx_hal_pwr_ex.o
 .debug_abbrev  0x0000000000001d81      0x2bd ./Drivers/STM32G4xx_HAL_Driver/Src/stm32g4xx_hal_rcc.o
 .debug_abbrev  0x000000000000203e      0x247 ./Drivers/STM32G4xx_HAL_Driver/Src/stm32g4xx_hal_rcc_ex.o
 .debug_abbrev  0x0000000000002285      0x254 ./Drivers/STM32G4xx_HAL_Driver/Src/stm32g4xx_hal_spi.o
 .debug_abbrev  0x00000000000024d9      0x28e ./Drivers/STM32G4xx_HAL_Driver/Src/stm32g4xx_hal_tim.o
 .debug_abbrev  0x0000000000002767      0x2ab ./Drivers/STM32G4xx_HAL_Driver/Src/stm32g4xx_hal_tim_ex.o
 .debug_abbrev  0x0000000000002a12      0x223 ./Drivers/STM32G4xx_HAL_Driver/Src/stm32g4xx_ll_gpio.o
 .debug_abbrev  0x0000000000002c35      0x17d ./Drivers/STM32G4xx_HAL_Driver/Src/stm32g4xx_ll_opamp.o

.debug_aranges  0x0000000000000000     0x1628
 .debug_aranges
                0x0000000000000000      0x100 ./Core/Src/main.o
 .debug_aranges
                0x0000000000000100       0x78 ./Core/Src/stm32g4xx_hal_msp.o
 .debug_aranges
                0x0000000000000178       0x70 ./Core/Src/stm32g4xx_it.o
 .debug_aranges
                0x00000000000001e8       0x28 ./Core/Src/system_stm32g4xx.o
 .debug_aranges
                0x0000000000000210       0x28 ./Core/Startup/startup_stm32g491ccux.o
 .debug_aranges
                0x0000000000000238      0x130 ./Drivers/STM32G4xx_HAL_Driver/Src/stm32g4xx_hal.o
 .debug_aranges
                0x0000000000000368      0x248 ./Drivers/STM32G4xx_HAL_Driver/Src/stm32g4xx_hal_adc.o
 .debug_aranges
                0x00000000000005b0      0x1c0 ./Drivers/STM32G4xx_HAL_Driver/Src/stm32g4xx_hal_adc_ex.o
 .debug_aranges
                0x0000000000000770       0xc8 ./Drivers/STM32G4xx_HAL_Driver/Src/stm32g4xx_hal_comp.o
 .debug_aranges
                0x0000000000000838      0x118 ./Drivers/STM32G4xx_HAL_Driver/Src/stm32g4xx_hal_cortex.o
 .debug_aranges
                0x0000000000000950       0xc0 ./Drivers/STM32G4xx_HAL_Driver/Src/stm32g4xx_hal_dac.o
 .debug_aranges
                0x0000000000000a10       0x90 ./Drivers/STM32G4xx_HAL_Driver/Src/stm32g4xx_hal_dma.o
 .debug_aranges
                0x0000000000000aa0       0x58 ./Drivers/STM32G4xx_HAL_Driver/Src/stm32g4xx_hal_gpio.o
 .debug_aranges
                0x0000000000000af8      0x140 ./Drivers/STM32G4xx_HAL_Driver/Src/stm32g4xx_hal_pwr_ex.o
 .debug_aranges
                0x0000000000000c38       0x98 ./Drivers/STM32G4xx_HAL_Driver/Src/stm32g4xx_hal_rcc.o
 .debug_aranges
                0x0000000000000cd0       0xb0 ./Drivers/STM32G4xx_HAL_Driver/Src/stm32g4xx_hal_rcc_ex.o
 .debug_aranges
                0x0000000000000d80      0x1d8 ./Drivers/STM32G4xx_HAL_Driver/Src/stm32g4xx_hal_spi.o
 .debug_aranges
                0x0000000000000f58      0x3e0 ./Drivers/STM32G4xx_HAL_Driver/Src/stm32g4xx_hal_tim.o
 .debug_aranges
                0x0000000000001338      0x240 ./Drivers/STM32G4xx_HAL_Driver/Src/stm32g4xx_hal_tim_ex.o
 .debug_aranges
                0x0000000000001578       0x70 ./Drivers/STM32G4xx_HAL_Driver/Src/stm32g4xx_ll_gpio.o
 .debug_aranges
                0x00000000000015e8       0x40 ./Drivers/STM32G4xx_HAL_Driver/Src/stm32g4xx_ll_opamp.o

.debug_ranges   0x0000000000000000     0x14e0
 .debug_ranges  0x0000000000000000       0xf0 ./Core/Src/main.o
 .debug_ranges  0x00000000000000f0       0x68 ./Core/Src/stm32g4xx_hal_msp.o
 .debug_ranges  0x0000000000000158       0x60 ./Core/Src/stm32g4xx_it.o
 .debug_ranges  0x00000000000001b8       0x18 ./Core/Src/system_stm32g4xx.o
 .debug_ranges  0x00000000000001d0       0x20 ./Core/Startup/startup_stm32g491ccux.o
 .debug_ranges  0x00000000000001f0      0x120 ./Drivers/STM32G4xx_HAL_Driver/Src/stm32g4xx_hal.o
 .debug_ranges  0x0000000000000310      0x238 ./Drivers/STM32G4xx_HAL_Driver/Src/stm32g4xx_hal_adc.o
 .debug_ranges  0x0000000000000548      0x1b0 ./Drivers/STM32G4xx_HAL_Driver/Src/stm32g4xx_hal_adc_ex.o
 .debug_ranges  0x00000000000006f8       0xb8 ./Drivers/STM32G4xx_HAL_Driver/Src/stm32g4xx_hal_comp.o
 .debug_ranges  0x00000000000007b0      0x108 ./Drivers/STM32G4xx_HAL_Driver/Src/stm32g4xx_hal_cortex.o
 .debug_ranges  0x00000000000008b8       0xb0 ./Drivers/STM32G4xx_HAL_Driver/Src/stm32g4xx_hal_dac.o
 .debug_ranges  0x0000000000000968       0x80 ./Drivers/STM32G4xx_HAL_Driver/Src/stm32g4xx_hal_dma.o
 .debug_ranges  0x00000000000009e8       0x48 ./Drivers/STM32G4xx_HAL_Driver/Src/stm32g4xx_hal_gpio.o
 .debug_ranges  0x0000000000000a30      0x130 ./Drivers/STM32G4xx_HAL_Driver/Src/stm32g4xx_hal_pwr_ex.o
 .debug_ranges  0x0000000000000b60       0x88 ./Drivers/STM32G4xx_HAL_Driver/Src/stm32g4xx_hal_rcc.o
 .debug_ranges  0x0000000000000be8       0xa0 ./Drivers/STM32G4xx_HAL_Driver/Src/stm32g4xx_hal_rcc_ex.o
 .debug_ranges  0x0000000000000c88      0x1c8 ./Drivers/STM32G4xx_HAL_Driver/Src/stm32g4xx_hal_spi.o
 .debug_ranges  0x0000000000000e50      0x3d0 ./Drivers/STM32G4xx_HAL_Driver/Src/stm32g4xx_hal_tim.o
 .debug_ranges  0x0000000000001220      0x230 ./Drivers/STM32G4xx_HAL_Driver/Src/stm32g4xx_hal_tim_ex.o
 .debug_ranges  0x0000000000001450       0x60 ./Drivers/STM32G4xx_HAL_Driver/Src/stm32g4xx_ll_gpio.o
 .debug_ranges  0x00000000000014b0       0x30 ./Drivers/STM32G4xx_HAL_Driver/Src/stm32g4xx_ll_opamp.o

.debug_macro    0x0000000000000000    0x23513
 .debug_macro   0x0000000000000000      0x2b6 ./Core/Src/main.o
 .debug_macro   0x00000000000002b6      0xa7e ./Core/Src/main.o
 .debug_macro   0x0000000000000d34      0x16d ./Core/Src/main.o
 .debug_macro   0x0000000000000ea1       0x2e ./Core/Src/main.o
 .debug_macro   0x0000000000000ecf       0x28 ./Core/Src/main.o
 .debug_macro   0x0000000000000ef7       0x22 ./Core/Src/main.o
 .debug_macro   0x0000000000000f19       0x8e ./Core/Src/main.o
 .debug_macro   0x0000000000000fa7       0x51 ./Core/Src/main.o
 .debug_macro   0x0000000000000ff8      0x103 ./Core/Src/main.o
 .debug_macro   0x00000000000010fb       0x6a ./Core/Src/main.o
 .debug_macro   0x0000000000001165      0x1df ./Core/Src/main.o
 .debug_macro   0x0000000000001344       0x1c ./Core/Src/main.o
 .debug_macro   0x0000000000001360       0x22 ./Core/Src/main.o
 .debug_macro   0x0000000000001382       0xfb ./Core/Src/main.o
 .debug_macro   0x000000000000147d     0x1011 ./Core/Src/main.o
 .debug_macro   0x000000000000248e      0x11f ./Core/Src/main.o
 .debug_macro   0x00000000000025ad    0x11e6a ./Core/Src/main.o
 .debug_macro   0x0000000000014417       0x6d ./Core/Src/main.o
 .debug_macro   0x0000000000014484     0x3554 ./Core/Src/main.o
 .debug_macro   0x00000000000179d8      0x174 ./Core/Src/main.o
 .debug_macro   0x0000000000017b4c       0x5c ./Core/Src/main.o
 .debug_macro   0x0000000000017ba8     0x1535 ./Core/Src/main.o
 .debug_macro   0x00000000000190dd      0x5cf ./Core/Src/main.o
 .debug_macro   0x00000000000196ac      0x1b6 ./Core/Src/main.o
 .debug_macro   0x0000000000019862      0x2d0 ./Core/Src/main.o
 .debug_macro   0x0000000000019b32      0x4a2 ./Core/Src/main.o
 .debug_macro   0x0000000000019fd4      0x18b ./Core/Src/main.o
 .debug_macro   0x000000000001a15f       0x43 ./Core/Src/main.o
 .debug_macro   0x000000000001a1a2      0x23d ./Core/Src/main.o
 .debug_macro   0x000000000001a3df     0x10fd ./Core/Src/main.o
 .debug_macro   0x000000000001b4dc      0x72e ./Core/Src/main.o
 .debug_macro   0x000000000001bc0a      0x391 ./Core/Src/main.o
 .debug_macro   0x000000000001bf9b      0x15c ./Core/Src/main.o
 .debug_macro   0x000000000001c0f7      0x401 ./Core/Src/main.o
 .debug_macro   0x000000000001c4f8      0x202 ./Core/Src/main.o
 .debug_macro   0x000000000001c6fa      0x108 ./Core/Src/main.o
 .debug_macro   0x000000000001c802      0x211 ./Core/Src/main.o
 .debug_macro   0x000000000001ca13      0x416 ./Core/Src/main.o
 .debug_macro   0x000000000001ce29      0x10e ./Core/Src/main.o
 .debug_macro   0x000000000001cf37      0x122 ./Core/Src/main.o
 .debug_macro   0x000000000001d059      0x3d1 ./Core/Src/main.o
 .debug_macro   0x000000000001d42a      0x2fe ./Core/Src/main.o
 .debug_macro   0x000000000001d728      0xbcc ./Core/Src/main.o
 .debug_macro   0x000000000001e2f4      0x4ee ./Core/Src/main.o
 .debug_macro   0x000000000001e7e2      0x321 ./Core/Src/main.o
 .debug_macro   0x000000000001eb03      0x181 ./Core/Src/main.o
 .debug_macro   0x000000000001ec84      0x636 ./Core/Src/main.o
 .debug_macro   0x000000000001f2ba      0x1a2 ./Core/Src/main.o
 .debug_macro   0x000000000001f45c      0x1a6 ./Core/Src/main.o
 .debug_macro   0x000000000001f602      0x32d ./Core/Src/main.o
 .debug_macro   0x000000000001f92f       0x84 ./Core/Src/main.o
 .debug_macro   0x000000000001f9b3      0x231 ./Core/Src/main.o
 .debug_macro   0x000000000001fbe4      0x169 ./Core/Src/main.o
 .debug_macro   0x000000000001fd4d      0x63e ./Core/Src/main.o
 .debug_macro   0x000000000002038b      0x2cc ./Core/Src/main.o
 .debug_macro   0x0000000000020657       0xdc ./Core/Src/main.o
 .debug_macro   0x0000000000020733      0x292 ./Core/Src/stm32g4xx_hal_msp.o
 .debug_macro   0x00000000000209c5      0x29c ./Core/Src/stm32g4xx_it.o
 .debug_macro   0x0000000000020c61      0x21f ./Core/Src/system_stm32g4xx.o
 .debug_macro   0x0000000000020e80      0x26d ./Drivers/STM32G4xx_HAL_Driver/Src/stm32g4xx_hal.o
 .debug_macro   0x00000000000210ed      0x23c ./Drivers/STM32G4xx_HAL_Driver/Src/stm32g4xx_hal_adc.o
 .debug_macro   0x0000000000021329      0x22b ./Drivers/STM32G4xx_HAL_Driver/Src/stm32g4xx_hal_adc_ex.o
 .debug_macro   0x0000000000021554      0x235 ./Drivers/STM32G4xx_HAL_Driver/Src/stm32g4xx_hal_comp.o
 .debug_macro   0x0000000000021789      0x21f ./Drivers/STM32G4xx_HAL_Driver/Src/stm32g4xx_hal_cortex.o
 .debug_macro   0x00000000000219a8      0x235 ./Drivers/STM32G4xx_HAL_Driver/Src/stm32g4xx_hal_dac.o
 .debug_macro   0x0000000000021bdd      0x21f ./Drivers/STM32G4xx_HAL_Driver/Src/stm32g4xx_hal_dma.o
 .debug_macro   0x0000000000021dfc      0x226 ./Drivers/STM32G4xx_HAL_Driver/Src/stm32g4xx_hal_gpio.o
 .debug_macro   0x0000000000022022      0x249 ./Drivers/STM32G4xx_HAL_Driver/Src/stm32g4xx_hal_pwr_ex.o
 .debug_macro   0x000000000002226b      0x261 ./Drivers/STM32G4xx_HAL_Driver/Src/stm32g4xx_hal_rcc.o
 .debug_macro   0x00000000000224cc      0x249 ./Drivers/STM32G4xx_HAL_Driver/Src/stm32g4xx_hal_rcc_ex.o
 .debug_macro   0x0000000000022715      0x227 ./Drivers/STM32G4xx_HAL_Driver/Src/stm32g4xx_hal_spi.o
 .debug_macro   0x000000000002293c      0x227 ./Drivers/STM32G4xx_HAL_Driver/Src/stm32g4xx_hal_tim.o
 .debug_macro   0x0000000000022b63      0x225 ./Drivers/STM32G4xx_HAL_Driver/Src/stm32g4xx_hal_tim_ex.o
 .debug_macro   0x0000000000022d88      0x261 ./Drivers/STM32G4xx_HAL_Driver/Src/stm32g4xx_ll_gpio.o
 .debug_macro   0x0000000000022fe9      0x163 ./Drivers/STM32G4xx_HAL_Driver/Src/stm32g4xx_ll_gpio.o
 .debug_macro   0x000000000002314c      0x24c ./Drivers/STM32G4xx_HAL_Driver/Src/stm32g4xx_ll_opamp.o
 .debug_macro   0x0000000000023398      0x17b ./Drivers/STM32G4xx_HAL_Driver/Src/stm32g4xx_ll_opamp.o

.debug_line     0x0000000000000000    0x177f4
 .debug_line    0x0000000000000000     0x1166 ./Core/Src/main.o
 .debug_line    0x0000000000001166      0xb57 ./Core/Src/stm32g4xx_hal_msp.o
 .debug_line    0x0000000000001cbd      0x963 ./Core/Src/stm32g4xx_it.o
 .debug_line    0x0000000000002620      0x7e1 ./Core/Src/system_stm32g4xx.o
 .debug_line    0x0000000000002e01       0x89 ./Core/Startup/startup_stm32g491ccux.o
 .debug_line    0x0000000000002e8a      0xb58 ./Drivers/STM32G4xx_HAL_Driver/Src/stm32g4xx_hal.o
 .debug_line    0x00000000000039e2     0x2125 ./Drivers/STM32G4xx_HAL_Driver/Src/stm32g4xx_hal_adc.o
 .debug_line    0x0000000000005b07     0x1b1c ./Drivers/STM32G4xx_HAL_Driver/Src/stm32g4xx_hal_adc_ex.o
 .debug_line    0x0000000000007623      0xb92 ./Drivers/STM32G4xx_HAL_Driver/Src/stm32g4xx_hal_comp.o
 .debug_line    0x00000000000081b5      0xd0b ./Drivers/STM32G4xx_HAL_Driver/Src/stm32g4xx_hal_cortex.o
 .debug_line    0x0000000000008ec0      0xcf9 ./Drivers/STM32G4xx_HAL_Driver/Src/stm32g4xx_hal_dac.o
 .debug_line    0x0000000000009bb9      0xec4 ./Drivers/STM32G4xx_HAL_Driver/Src/stm32g4xx_hal_dma.o
 .debug_line    0x000000000000aa7d      0xb9b ./Drivers/STM32G4xx_HAL_Driver/Src/stm32g4xx_hal_gpio.o
 .debug_line    0x000000000000b618      0xd0f ./Drivers/STM32G4xx_HAL_Driver/Src/stm32g4xx_hal_pwr_ex.o
 .debug_line    0x000000000000c327      0xf6e ./Drivers/STM32G4xx_HAL_Driver/Src/stm32g4xx_hal_rcc.o
 .debug_line    0x000000000000d295     0x123b ./Drivers/STM32G4xx_HAL_Driver/Src/stm32g4xx_hal_rcc_ex.o
 .debug_line    0x000000000000e4d0     0x1fa2 ./Drivers/STM32G4xx_HAL_Driver/Src/stm32g4xx_hal_spi.o
 .debug_line    0x0000000000010472     0x3f47 ./Drivers/STM32G4xx_HAL_Driver/Src/stm32g4xx_hal_tim.o
 .debug_line    0x00000000000143b9     0x213a ./Drivers/STM32G4xx_HAL_Driver/Src/stm32g4xx_hal_tim_ex.o
 .debug_line    0x00000000000164f3      0xa95 ./Drivers/STM32G4xx_HAL_Driver/Src/stm32g4xx_ll_gpio.o
 .debug_line    0x0000000000016f88      0x86c ./Drivers/STM32G4xx_HAL_Driver/Src/stm32g4xx_ll_opamp.o

.debug_str      0x0000000000000000    0xef9a5
 .debug_str     0x0000000000000000    0xe9edd ./Core/Src/main.o
                                      0xeb2ac (size before relaxing)
 .debug_str     0x00000000000e9edd      0x348 ./Core/Src/stm32g4xx_hal_msp.o
                                      0xea726 (size before relaxing)
 .debug_str     0x00000000000ea225      0x10f ./Core/Src/stm32g4xx_it.o
                                      0xe9723 (size before relaxing)
 .debug_str     0x00000000000ea334       0xdb ./Core/Src/system_stm32g4xx.o
                                      0xdc320 (size before relaxing)
 .debug_str     0x00000000000ea40f       0x36 ./Core/Startup/startup_stm32g491ccux.o
                                         0x81 (size before relaxing)
 .debug_str     0x00000000000ea445      0x5a8 ./Drivers/STM32G4xx_HAL_Driver/Src/stm32g4xx_hal.o
                                      0xdcf04 (size before relaxing)
 .debug_str     0x00000000000ea9ed      0xb22 ./Drivers/STM32G4xx_HAL_Driver/Src/stm32g4xx_hal_adc.o
                                      0xdd371 (size before relaxing)
 .debug_str     0x00000000000eb50f      0x477 ./Drivers/STM32G4xx_HAL_Driver/Src/stm32g4xx_hal_adc_ex.o
                                      0xdd2e7 (size before relaxing)
 .debug_str     0x00000000000eb986      0x2e1 ./Drivers/STM32G4xx_HAL_Driver/Src/stm32g4xx_hal_comp.o
                                      0xdc5e2 (size before relaxing)
 .debug_str     0x00000000000ebc67      0x31d ./Drivers/STM32G4xx_HAL_Driver/Src/stm32g4xx_hal_cortex.o
                                      0xdcbaf (size before relaxing)
 .debug_str     0x00000000000ebf84      0x28b ./Drivers/STM32G4xx_HAL_Driver/Src/stm32g4xx_hal_dac.o
                                      0xdc9cf (size before relaxing)
 .debug_str     0x00000000000ec20f      0x298 ./Drivers/STM32G4xx_HAL_Driver/Src/stm32g4xx_hal_dma.o
                                      0xdc6fa (size before relaxing)
 .debug_str     0x00000000000ec4a7       0xdc ./Drivers/STM32G4xx_HAL_Driver/Src/stm32g4xx_hal_gpio.o
                                      0xdc4ab (size before relaxing)
 .debug_str     0x00000000000ec583      0x495 ./Drivers/STM32G4xx_HAL_Driver/Src/stm32g4xx_hal_pwr_ex.o
                                      0xdc80e (size before relaxing)
 .debug_str     0x00000000000eca18      0x4cc ./Drivers/STM32G4xx_HAL_Driver/Src/stm32g4xx_hal_rcc.o
                                      0xdca19 (size before relaxing)
 .debug_str     0x00000000000ecee4      0x40b ./Drivers/STM32G4xx_HAL_Driver/Src/stm32g4xx_hal_rcc_ex.o
                                      0xdca56 (size before relaxing)
 .debug_str     0x00000000000ed2ef      0x57c ./Drivers/STM32G4xx_HAL_Driver/Src/stm32g4xx_hal_spi.o
                                      0xdcc58 (size before relaxing)
 .debug_str     0x00000000000ed86b      0xe44 ./Drivers/STM32G4xx_HAL_Driver/Src/stm32g4xx_hal_tim.o
                                      0xdd80e (size before relaxing)
 .debug_str     0x00000000000ee6af      0x7b9 ./Drivers/STM32G4xx_HAL_Driver/Src/stm32g4xx_hal_tim_ex.o
                                      0xdd492 (size before relaxing)
 .debug_str     0x00000000000eee68      0x658 ./Drivers/STM32G4xx_HAL_Driver/Src/stm32g4xx_ll_gpio.o
                                      0xddc5b (size before relaxing)
 .debug_str     0x00000000000ef4c0      0x4e5 ./Drivers/STM32G4xx_HAL_Driver/Src/stm32g4xx_ll_opamp.o
                                      0xdd271 (size before relaxing)

.comment        0x0000000000000000       0x50
 .comment       0x0000000000000000       0x50 ./Core/Src/main.o
                                         0x51 (size before relaxing)
 .comment       0x0000000000000050       0x51 ./Core/Src/stm32g4xx_hal_msp.o
 .comment       0x0000000000000050       0x51 ./Core/Src/stm32g4xx_it.o
 .comment       0x0000000000000050       0x51 ./Core/Src/system_stm32g4xx.o
 .comment       0x0000000000000050       0x51 ./Drivers/STM32G4xx_HAL_Driver/Src/stm32g4xx_hal.o
 .comment       0x0000000000000050       0x51 ./Drivers/STM32G4xx_HAL_Driver/Src/stm32g4xx_hal_adc.o
 .comment       0x0000000000000050       0x51 ./Drivers/STM32G4xx_HAL_Driver/Src/stm32g4xx_hal_adc_ex.o
 .comment       0x0000000000000050       0x51 ./Drivers/STM32G4xx_HAL_Driver/Src/stm32g4xx_hal_comp.o
 .comment       0x0000000000000050       0x51 ./Drivers/STM32G4xx_HAL_Driver/Src/stm32g4xx_hal_cortex.o
 .comment       0x0000000000000050       0x51 ./Drivers/STM32G4xx_HAL_Driver/Src/stm32g4xx_hal_dac.o
 .comment       0x0000000000000050       0x51 ./Drivers/STM32G4xx_HAL_Driver/Src/stm32g4xx_hal_dma.o
 .comment       0x0000000000000050       0x51 ./Drivers/STM32G4xx_HAL_Driver/Src/stm32g4xx_hal_gpio.o
 .comment       0x0000000000000050       0x51 ./Drivers/STM32G4xx_HAL_Driver/Src/stm32g4xx_hal_pwr_ex.o
 .comment       0x0000000000000050       0x51 ./Drivers/STM32G4xx_HAL_Driver/Src/stm32g4xx_hal_rcc.o
 .comment       0x0000000000000050       0x51 ./Drivers/STM32G4xx_HAL_Driver/Src/stm32g4xx_hal_rcc_ex.o
 .comment       0x0000000000000050       0x51 ./Drivers/STM32G4xx_HAL_Driver/Src/stm32g4xx_hal_spi.o
 .comment       0x0000000000000050       0x51 ./Drivers/STM32G4xx_HAL_Driver/Src/stm32g4xx_hal_tim.o
 .comment       0x0000000000000050       0x51 ./Drivers/STM32G4xx_HAL_Driver/Src/stm32g4xx_hal_tim_ex.o
 .comment       0x0000000000000050       0x51 ./Drivers/STM32G4xx_HAL_Driver/Src/stm32g4xx_ll_gpio.o
 .comment       0x0000000000000050       0x51 ./Drivers/STM32G4xx_HAL_Driver/Src/stm32g4xx_ll_opamp.o

.debug_frame    0x0000000000000000     0x5f88
 .debug_frame   0x0000000000000000      0x430 ./Core/Src/main.o
 .debug_frame   0x0000000000000430      0x1c4 ./Core/Src/stm32g4xx_hal_msp.o
 .debug_frame   0x00000000000005f4      0x13c ./Core/Src/stm32g4xx_it.o
 .debug_frame   0x0000000000000730       0x58 ./Core/Src/system_stm32g4xx.o
 .debug_frame   0x0000000000000788      0x4a0 ./Drivers/STM32G4xx_HAL_Driver/Src/stm32g4xx_hal.o
 .debug_frame   0x0000000000000c28      0xacc ./Drivers/STM32G4xx_HAL_Driver/Src/stm32g4xx_hal_adc.o
 .debug_frame   0x00000000000016f4      0x81c ./Drivers/STM32G4xx_HAL_Driver/Src/stm32g4xx_hal_adc_ex.o
 .debug_frame   0x0000000000001f10      0x374 ./Drivers/STM32G4xx_HAL_Driver/Src/stm32g4xx_hal_comp.o
 .debug_frame   0x0000000000002284      0x498 ./Drivers/STM32G4xx_HAL_Driver/Src/stm32g4xx_hal_cortex.o
 .debug_frame   0x000000000000271c      0x330 ./Drivers/STM32G4xx_HAL_Driver/Src/stm32g4xx_hal_dac.o
 .debug_frame   0x0000000000002a4c      0x24c ./Drivers/STM32G4xx_HAL_Driver/Src/stm32g4xx_hal_dma.o
 .debug_frame   0x0000000000002c98      0x14c ./Drivers/STM32G4xx_HAL_Driver/Src/stm32g4xx_hal_gpio.o
 .debug_frame   0x0000000000002de4      0x4fc ./Drivers/STM32G4xx_HAL_Driver/Src/stm32g4xx_hal_pwr_ex.o
 .debug_frame   0x00000000000032e0      0x23c ./Drivers/STM32G4xx_HAL_Driver/Src/stm32g4xx_hal_rcc.o
 .debug_frame   0x000000000000351c      0x2ac ./Drivers/STM32G4xx_HAL_Driver/Src/stm32g4xx_hal_rcc_ex.o
 .debug_frame   0x00000000000037c8      0x860 ./Drivers/STM32G4xx_HAL_Driver/Src/stm32g4xx_hal_spi.o
 .debug_frame   0x0000000000004028     0x121c ./Drivers/STM32G4xx_HAL_Driver/Src/stm32g4xx_hal_tim.o
 .debug_frame   0x0000000000005244      0xa68 ./Drivers/STM32G4xx_HAL_Driver/Src/stm32g4xx_hal_tim_ex.o
 .debug_frame   0x0000000000005cac      0x1c0 ./Drivers/STM32G4xx_HAL_Driver/Src/stm32g4xx_ll_gpio.o
 .debug_frame   0x0000000000005e6c       0xd0 ./Drivers/STM32G4xx_HAL_Driver/Src/stm32g4xx_ll_opamp.o
 .debug_frame   0x0000000000005f3c       0x2c c:/st/stm32cubeide_1.7.0/stm32cubeide/plugins/com.st.stm32cube.ide.mcu.externaltools.gnu-tools-for-stm32.10.3-2021.10.win32_1.0.0.202111181127/tools/bin/../lib/gcc/arm-none-eabi/10.3.1/../../../../arm-none-eabi/lib/thumb/v7e-m+fp/hard\libc_nano.a(lib_a-init.o)
 .debug_frame   0x0000000000005f68       0x20 c:/st/stm32cubeide_1.7.0/stm32cubeide/plugins/com.st.stm32cube.ide.mcu.externaltools.gnu-tools-for-stm32.10.3-2021.10.win32_1.0.0.202111181127/tools/bin/../lib/gcc/arm-none-eabi/10.3.1/../../../../arm-none-eabi/lib/thumb/v7e-m+fp/hard\libc_nano.a(lib_a-memset.o)
