../Drivers/STM32G4xx_HAL_Driver/Inc/stm32g4xx_ll_opamp.h:492:22:LL_OPAMP_SetPGAGain	16	static
../Drivers/STM32G4xx_HAL_Driver/Inc/stm32g4xx_ll_opamp.h:705:22:LL_OPAMP_SetInputsMuxMode	16	static
../Drivers/STM32G4xx_HAL_Driver/Inc/stm32g4xx_ll_opamp.h:736:22:LL_OPAMP_SetInternalOutput	16	static
../Drivers/STM32G4xx_HAL_Driver/Inc/stm32g4xx_ll_opamp.h:771:22:LL_OPAMP_SetTrimmingMode	16	static
../Drivers/STM32G4xx_HAL_Driver/Inc/stm32g4xx_ll_bus.h:451:22:LL_AHB2_GRP1_EnableClock	24	static
../Core/Src/main.c:159:5:main	16	static
../Core/Src/main.c:396:6:SystemClock_Config	88	static
../Core/Src/main.c:443:13:MX_ADC1_Init	112	static
../Core/Src/main.c:547:13:MX_ADC2_Init	104	static
../Core/Src/main.c:659:13:MX_ADC3_Init	40	static
../Core/Src/main.c:718:13:MX_COMP1_Init	8	static
../Core/Src/main.c:750:13:MX_COMP4_Init	8	static
../Core/Src/main.c:782:13:MX_DAC1_Init	56	static
../Core/Src/main.c:838:13:MX_DAC3_Init	56	static
../Core/Src/main.c:892:13:MX_OPAMP2_Init	48	static
../Core/Src/main.c:942:13:MX_OPAMP6_Init	48	static
../Core/Src/main.c:989:13:MX_SPI3_Init	8	static
../Core/Src/main.c:1029:13:MX_TIM1_Init	128	static
../Core/Src/main.c:1126:13:MX_DMA_Init	16	static
../Core/Src/main.c:1145:13:MX_GPIO_Init	48	static
../Core/Src/main.c:1180:6:HAL_TIMEx_BreakCallback	16	static
../Core/Src/main.c:1197:10:GetLSB	16	static
../Core/Src/main.c:1202:10:GetMSB	16	static
../Core/Src/main.c:1207:6:spi_w16	16	static
../Core/Src/main.c:1214:6:SPIx_Transfer2	24	static
../Core/Src/main.c:1225:13:CORRECT_OPAMP6_Init	48	static
../Core/Src/main.c:1268:6:delay_us	24	static
../Core/Src/main.c:1285:1:delay_cycles	24	static,ignoring_inline_asm
../Core/Src/main.c:1294:6:Error_Handler	4	static,ignoring_inline_asm
