../Drivers/STM32G4xx_HAL_Driver/Inc/stm32g4xx_ll_opamp.h:492:22:LL_OPAMP_SetPGAGain	16	static
../Drivers/STM32G4xx_HAL_Driver/Inc/stm32g4xx_ll_opamp.h:705:22:LL_OPAMP_SetInputsMuxMode	16	static
../Drivers/STM32G4xx_HAL_Driver/Inc/stm32g4xx_ll_opamp.h:736:22:LL_OPAMP_SetInternalOutput	16	static
../Drivers/STM32G4xx_HAL_Driver/Inc/stm32g4xx_ll_opamp.h:771:22:LL_OPAMP_SetTrimmingMode	16	static
../Drivers/STM32G4xx_HAL_Driver/Inc/stm32g4xx_ll_bus.h:451:22:LL_AHB2_GRP1_EnableClock	24	static
../Core/Src/main.c:159:5:main	16	static
../Core/Src/main.c:392:6:SystemClock_Config	88	static
../Core/Src/main.c:439:13:MX_ADC1_Init	112	static
../Core/Src/main.c:543:13:MX_ADC2_Init	104	static
../Core/Src/main.c:655:13:MX_ADC3_Init	40	static
../Core/Src/main.c:714:13:MX_COMP1_Init	8	static
../Core/Src/main.c:746:13:MX_COMP4_Init	8	static
../Core/Src/main.c:778:13:MX_DAC1_Init	56	static
../Core/Src/main.c:834:13:MX_DAC3_Init	56	static
../Core/Src/main.c:888:13:MX_OPAMP2_Init	48	static
../Core/Src/main.c:938:13:MX_OPAMP6_Init	48	static
../Core/Src/main.c:985:13:MX_SPI3_Init	8	static
../Core/Src/main.c:1025:13:MX_TIM1_Init	128	static
../Core/Src/main.c:1122:13:MX_DMA_Init	16	static
../Core/Src/main.c:1141:13:MX_GPIO_Init	48	static
../Core/Src/main.c:1176:6:HAL_TIMEx_BreakCallback	16	static
../Core/Src/main.c:1193:10:GetLSB	16	static
../Core/Src/main.c:1198:10:GetMSB	16	static
../Core/Src/main.c:1203:6:spi_w16	16	static
../Core/Src/main.c:1210:6:SPIx_Transfer2	24	static
../Core/Src/main.c:1221:13:CORRECT_OPAMP6_Init	48	static
../Core/Src/main.c:1264:6:delay_us	24	static
../Core/Src/main.c:1281:1:delay_cycles	24	static,ignoring_inline_asm
../Core/Src/main.c:1290:6:Error_Handler	4	static,ignoring_inline_asm
